Archive member included to satisfy reference by file (symbol)

C:\Users\‘¾“c’q–ç\Documents\monakanoko\libarm_cortexM4lf_math.a(arm_sin_f32.o)
                              Src\CMT.o (arm_sin_f32)
C:\Users\‘¾“c’q–ç\Documents\monakanoko\libarm_cortexM4lf_math.a(arm_cos_f32.o)
                              Src\CMT.o (arm_cos_f32)
C:\Users\‘¾“c’q–ç\Documents\monakanoko\libarm_cortexM4lf_math.a(arm_common_tables.o)
                              C:\Users\‘¾“c’q–ç\Documents\monakanoko\libarm_cortexM4lf_math.a(arm_sin_f32.o) (sinTable_f32)
c:/program files (x86)/atollic/truestudio for stm32 9.3.0/armtools/bin/../lib/gcc/arm-atollic-eabi/6.3.1/../../../../arm-atollic-eabi/lib/armv7e-m/fpu\libc_nano.a(lib_a-atof.o)
                              Src\main.o (atof)
c:/program files (x86)/atollic/truestudio for stm32 9.3.0/armtools/bin/../lib/gcc/arm-atollic-eabi/6.3.1/../../../../arm-atollic-eabi/lib/armv7e-m/fpu\libc_nano.a(lib_a-atoi.o)
                              Src\main.o (atoi)
c:/program files (x86)/atollic/truestudio for stm32 9.3.0/armtools/bin/../lib/gcc/arm-atollic-eabi/6.3.1/../../../../arm-atollic-eabi/lib/armv7e-m/fpu\libc_nano.a(lib_a-errno.o)
                              Src\syscalls.o (__errno)
c:/program files (x86)/atollic/truestudio for stm32 9.3.0/armtools/bin/../lib/gcc/arm-atollic-eabi/6.3.1/../../../../arm-atollic-eabi/lib/armv7e-m/fpu\libc_nano.a(lib_a-impure.o)
                              Src\main.o (_impure_ptr)
c:/program files (x86)/atollic/truestudio for stm32 9.3.0/armtools/bin/../lib/gcc/arm-atollic-eabi/6.3.1/../../../../arm-atollic-eabi/lib/armv7e-m/fpu\libc_nano.a(lib_a-init.o)
                              startup\startup_stm32f411xe.o (__libc_init_array)
c:/program files (x86)/atollic/truestudio for stm32 9.3.0/armtools/bin/../lib/gcc/arm-atollic-eabi/6.3.1/../../../../arm-atollic-eabi/lib/armv7e-m/fpu\libc_nano.a(lib_a-memcpy-stub.o)
                              Src\Dataflash.o (memcpy)
c:/program files (x86)/atollic/truestudio for stm32 9.3.0/armtools/bin/../lib/gcc/arm-atollic-eabi/6.3.1/../../../../arm-atollic-eabi/lib/armv7e-m/fpu\libc_nano.a(lib_a-memset.o)
                              Src\adc.o (memset)
c:/program files (x86)/atollic/truestudio for stm32 9.3.0/armtools/bin/../lib/gcc/arm-atollic-eabi/6.3.1/../../../../arm-atollic-eabi/lib/armv7e-m/fpu\libc_nano.a(lib_a-nano-vfprintf_float.o)
                              (_printf_float)
c:/program files (x86)/atollic/truestudio for stm32 9.3.0/armtools/bin/../lib/gcc/arm-atollic-eabi/6.3.1/../../../../arm-atollic-eabi/lib/armv7e-m/fpu\libc_nano.a(lib_a-nano-vfprintf_i.o)
                              c:/program files (x86)/atollic/truestudio for stm32 9.3.0/armtools/bin/../lib/gcc/arm-atollic-eabi/6.3.1/../../../../arm-atollic-eabi/lib/armv7e-m/fpu\libc_nano.a(lib_a-nano-vfprintf_float.o) (_printf_common)
c:/program files (x86)/atollic/truestudio for stm32 9.3.0/armtools/bin/../lib/gcc/arm-atollic-eabi/6.3.1/../../../../arm-atollic-eabi/lib/armv7e-m/fpu\libc_nano.a(lib_a-printf.o)
                              Src\Dataflash.o (printf)
c:/program files (x86)/atollic/truestudio for stm32 9.3.0/armtools/bin/../lib/gcc/arm-atollic-eabi/6.3.1/../../../../arm-atollic-eabi/lib/armv7e-m/fpu\libc_nano.a(lib_a-putchar.o)
                              Src\main.o (putchar)
c:/program files (x86)/atollic/truestudio for stm32 9.3.0/armtools/bin/../lib/gcc/arm-atollic-eabi/6.3.1/../../../../arm-atollic-eabi/lib/armv7e-m/fpu\libc_nano.a(lib_a-puts.o)
                              Src\main.o (puts)
c:/program files (x86)/atollic/truestudio for stm32 9.3.0/armtools/bin/../lib/gcc/arm-atollic-eabi/6.3.1/../../../../arm-atollic-eabi/lib/armv7e-m/fpu\libc_nano.a(lib_a-setbuf.o)
                              Src\main.o (setbuf)
c:/program files (x86)/atollic/truestudio for stm32 9.3.0/armtools/bin/../lib/gcc/arm-atollic-eabi/6.3.1/../../../../arm-atollic-eabi/lib/armv7e-m/fpu\libc_nano.a(lib_a-setvbuf.o)
                              c:/program files (x86)/atollic/truestudio for stm32 9.3.0/armtools/bin/../lib/gcc/arm-atollic-eabi/6.3.1/../../../../arm-atollic-eabi/lib/armv7e-m/fpu\libc_nano.a(lib_a-setbuf.o) (setvbuf)
c:/program files (x86)/atollic/truestudio for stm32 9.3.0/armtools/bin/../lib/gcc/arm-atollic-eabi/6.3.1/../../../../arm-atollic-eabi/lib/armv7e-m/fpu\libc_nano.a(lib_a-strlen.o)
                              c:/program files (x86)/atollic/truestudio for stm32 9.3.0/armtools/bin/../lib/gcc/arm-atollic-eabi/6.3.1/../../../../arm-atollic-eabi/lib/armv7e-m/fpu\libc_nano.a(lib_a-nano-vfprintf_float.o) (strlen)
c:/program files (x86)/atollic/truestudio for stm32 9.3.0/armtools/bin/../lib/gcc/arm-atollic-eabi/6.3.1/../../../../arm-atollic-eabi/lib/armv7e-m/fpu\libc_nano.a(lib_a-strtod.o)
[...]
Memory Configuration

Name             Origin             Length             Attributes
RAM              0x20000000         0x00020000         xrw
FLASH            0x08000000         0x00040000         xr
DATA1            0x08040000         0x00020000         xr
DATA2            0x08060000         0x00020000         xr
*default*        0x00000000         0xffffffff

Linker script and memory map

LOAD c:/program files (x86)/atollic/truestudio for stm32 9.3.0/armtools/bin/../lib/gcc/arm-atollic-eabi/6.3.1/armv7e-m/fpu/crti.o
LOAD c:/program files (x86)/atollic/truestudio for stm32 9.3.0/armtools/bin/../lib/gcc/arm-atollic-eabi/6.3.1/armv7e-m/fpu/crtbegin.o
LOAD Drivers\STM32F4xx_HAL_Driver\Src\stm32f4xx_hal.o
LOAD Drivers\STM32F4xx_HAL_Driver\Src\stm32f4xx_hal_adc.o
LOAD Drivers\STM32F4xx_HAL_Driver\Src\stm32f4xx_hal_adc_ex.o
LOAD Drivers\STM32F4xx_HAL_Driver\Src\stm32f4xx_hal_cortex.o
LOAD Drivers\STM32F4xx_HAL_Driver\Src\stm32f4xx_hal_dma.o
LOAD Drivers\STM32F4xx_HAL_Driver\Src\stm32f4xx_hal_dma_ex.o
LOAD Drivers\STM32F4xx_HAL_Driver\Src\stm32f4xx_hal_flash.o
LOAD Drivers\STM32F4xx_HAL_Driver\Src\stm32f4xx_hal_flash_ex.o
LOAD Drivers\STM32F4xx_HAL_Driver\Src\stm32f4xx_hal_flash_ramfunc.o
LOAD Drivers\STM32F4xx_HAL_Driver\Src\stm32f4xx_hal_gpio.o
LOAD Drivers\STM32F4xx_HAL_Driver\Src\stm32f4xx_hal_pwr.o
LOAD Drivers\STM32F4xx_HAL_Driver\Src\stm32f4xx_hal_pwr_ex.o
LOAD Drivers\STM32F4xx_HAL_Driver\Src\stm32f4xx_hal_rcc.o
LOAD Drivers\STM32F4xx_HAL_Driver\Src\stm32f4xx_hal_rcc_ex.o
LOAD Drivers\STM32F4xx_HAL_Driver\Src\stm32f4xx_hal_spi.o
LOAD Drivers\STM32F4xx_HAL_Driver\Src\stm32f4xx_hal_tim.o
LOAD Drivers\STM32F4xx_HAL_Driver\Src\stm32f4xx_hal_tim_ex.o
LOAD Drivers\STM32F4xx_HAL_Driver\Src\stm32f4xx_hal_uart.o
LOAD Src\CMT.o
LOAD Src\Dataflash.o
LOAD Src\Interface.o
LOAD Src\adc.o
LOAD Src\beeline.o
LOAD Src\dijkstra.o
LOAD Src\dma.o
LOAD Src\encoder.o
LOAD Src\gpio.o
LOAD Src\imu.o
LOAD Src\ir_sensor.o
LOAD Src\main.o
LOAD Src\map.o
LOAD Src\motor.o
LOAD Src\run.o
LOAD Src\search.o
LOAD Src\spi.o
LOAD Src\stm32f4xx_hal_msp.o
LOAD Src\stm32f4xx_it.o
LOAD Src\syscalls.o
LOAD Src\system_stm32f4xx.o
LOAD Src\tim.o
LOAD Src\usart.o
LOAD startup\startup_stm32f411xe.o
LOAD C:\Users\‘¾“c’q–ç\Documents\monakanoko\libarm_cortexM4lf_math.a
                0x00000080                malloc_getpagesize_P = 0x80
START GROUP
LOAD c:/program files (x86)/atollic/truestudio for stm32 9.3.0/armtools/bin/../lib/gcc/arm-atollic-eabi/6.3.1/../../../../arm-atollic-eabi/lib/armv7e-m/fpu\libc_nano.a
LOAD c:/program files (x86)/atollic/truestudio for stm32 9.3.0/armtools/bin/../lib/gcc/arm-atollic-eabi/6.3.1/../../../../arm-atollic-eabi/lib/armv7e-m/fpu\libm.a
END GROUP
START GROUP
LOAD c:/program files (x86)/atollic/truestudio for stm32 9.3.0/armtools/bin/../lib/gcc/arm-atollic-eabi/6.3.1/armv7e-m/fpu\libgcc.a
LOAD c:/program files (x86)/atollic/truestudio for stm32 9.3.0/armtools/bin/../lib/gcc/arm-atollic-eabi/6.3.1/../../../../arm-atollic-eabi/lib/armv7e-m/fpu\libc_nano.a
END GROUP
START GROUP
LOAD c:/program files (x86)/atollic/truestudio for stm32 9.3.0/armtools/bin/../lib/gcc/arm-atollic-eabi/6.3.1/armv7e-m/fpu\libgcc.a
LOAD c:/program files (x86)/atollic/truestudio for stm32 9.3.0/armtools/bin/../lib/gcc/arm-atollic-eabi/6.3.1/../../../../arm-atollic-eabi/lib/armv7e-m/fpu\libc_nano.a
LOAD c:/program files (x86)/atollic/truestudio for stm32 9.3.0/armtools/bin/../lib/gcc/arm-atollic-eabi/6.3.1/../../../../arm-atollic-eabi/lib/armv7e-m/fpu\libnosys.a
END GROUP
START GROUP
LOAD c:/program files (x86)/atollic/truestudio for stm32 9.3.0/armtools/bin/../lib/gcc/arm-atollic-eabi/6.3.1/armv7e-m/fpu\libgcc.a
LOAD c:/program files (x86)/atollic/truestudio for stm32 9.3.0/armtools/bin/../lib/gcc/arm-atollic-eabi/6.3.1/../../../../arm-atollic-eabi/lib/armv7e-m/fpu\libc_nano.a
LOAD c:/program files (x86)/atollic/truestudio for stm32 9.3.0/armtools/bin/../lib/gcc/arm-atollic-eabi/6.3.1/../../../../arm-atollic-eabi/lib/armv7e-m/fpu\libnosys.a
END GROUP
LOAD c:/program files (x86)/atollic/truestudio for stm32 9.3.0/armtools/bin/../lib/gcc/arm-atollic-eabi/6.3.1/armv7e-m/fpu/crtend.o
LOAD c:/program files (x86)/atollic/truestudio for stm32 9.3.0/armtools/bin/../lib/gcc/arm-atollic-eabi/6.3.1/armv7e-m/fpu/crtn.o
                0x20020000                _estack = 0x20020000
                0x00000200                _Min_Heap_Size = 0x200
                0x00000400                _Min_Stack_Size = 0x400

.isr_vector     0x08000000      0x198
                0x08000000                . = ALIGN (0x4)
 *(.isr_vector)
 .isr_vector    0x08000000      0x198 startup\startup_stm32f411xe.o
                0x08000000                g_pfnVectors
                0x08000198                . = ALIGN (0x4)

.text           0x080001a0    0x29cd0
                0x080001a0                . = ALIGN (0x4)
 *(.text)
 .text          0x080001a0       0x40 c:/program files (x86)/atollic/truestudio for stm32 9.3.0/armtools/bin/../lib/gcc/arm-atollic-eabi/6.3.1/armv7e-m/fpu/crtbegin.o
 .text          0x080001e0       0x10 c:/program files (x86)/atollic/truestudio for stm32 9.3.0/armtools/bin/../lib/gcc/arm-atollic-eabi/6.3.1/../../../../arm-atollic-eabi/lib/armv7e-m/fpu\libc_nano.a(lib_a-strlen.o)
                0x080001e0                strlen
 .text          0x080001f0       0xa0 c:/program files (x86)/atollic/truestudio for stm32 9.3.0/armtools/bin/../lib/gcc/arm-atollic-eabi/6.3.1/../../../../arm-atollic-eabi/lib/armv7e-m/fpu\libc_nano.a(lib_a-memchr.o)
                0x080001f0                memchr
 .text          0x08000290      0x370 c:/program files (x86)/atollic/truestudio for stm32 9.3.0/armtools/bin/../lib/gcc/arm-atollic-eabi/6.3.1/armv7e-m/fpu\libgcc.a(_arm_addsubdf3.o)
                0x08000290                __aeabi_drsub
                0x08000298                __aeabi_dsub
                0x08000298                __subdf3
                0x0800029c                __aeabi_dadd
                0x0800029c                __adddf3
                0x08000514                __floatunsidf
                0x08000514                __aeabi_ui2d
                0x08000534                __floatsidf
                0x08000534                __aeabi_i2d
                0x08000558                __aeabi_f2d
                0x08000558                __extendsfdf2
                0x08000594                __floatundidf
                0x08000594                __aeabi_ul2d
                0x080005a4                __floatdidf
                0x080005a4                __aeabi_l2d
 .text          0x08000600      0x424 c:/program files (x86)/atollic/truestudio for stm32 9.3.0/armtools/bin/../lib/gcc/arm-atollic-eabi/6.3.1/armv7e-m/fpu\libgcc.a(_arm_muldivdf3.o)
                0x08000600                __aeabi_dmul
                0x08000600                __muldf3
                0x08000854                __divdf3
                0x08000854                __aeabi_ddiv
 .text          0x08000a24      0x110 c:/program files (x86)/atollic/truestudio for stm32 9.3.0/armtools/bin/../lib/gcc/arm-atollic-eabi/6.3.1/armv7e-m/fpu\libgcc.a(_arm_cmpdf2.o)
                0x08000a24                __gtdf2
                0x08000a24                __gedf2
                0x08000a2c                __ltdf2
                0x08000a2c                __ledf2
                0x08000a34                __nedf2
                0x08000a34                __eqdf2
                0x08000a34                __cmpdf2
                0x08000ab0                __aeabi_cdrcmple
                0x08000ac0                __aeabi_cdcmpeq
                0x08000ac0                __aeabi_cdcmple
                0x08000ad0                __aeabi_dcmpeq
                0x08000ae4                __aeabi_dcmplt
                0x08000af8                __aeabi_dcmple
                0x08000b0c                __aeabi_dcmpge
                0x08000b20                __aeabi_dcmpgt
 .text          0x08000b34       0x2c c:/program files (x86)/atollic/truestudio for stm32 9.3.0/armtools/bin/../lib/gcc/arm-atollic-eabi/6.3.1/armv7e-m/fpu\libgcc.a(_arm_unorddf2.o)
                0x08000b34                __unorddf2
                0x08000b34                __aeabi_dcmpun
 .text          0x08000b60       0x50 c:/program files (x86)/atollic/truestudio for stm32 9.3.0/armtools/bin/../lib/gcc/arm-atollic-eabi/6.3.1/armv7e-m/fpu\libgcc.a(_arm_fixdfsi.o)
                0x08000b60                __aeabi_d2iz
                0x08000b60                __fixdfsi
 .text          0x08000bb0       0x40 c:/program files (x86)/atollic/truestudio for stm32 9.3.0/armtools/bin/../lib/gcc/arm-atollic-eabi/6.3.1/armv7e-m/fpu\libgcc.a(_arm_fixunsdfsi.o)
                0x08000bb0                __aeabi_d2uiz
                0x08000bb0                __fixunsdfsi
 .text          0x08000bf0       0xa0 c:/program files (x86)/atollic/truestudio for stm32 9.3.0/armtools/bin/../lib/gcc/arm-atollic-eabi/6.3.1/armv7e-m/fpu\libgcc.a(_arm_truncdfsf2.o)
                0x08000bf0                __truncdfsf2
                0x08000bf0                __aeabi_d2f
 .text          0x08000c90       0x30 c:/program files (x86)/atollic/truestudio for stm32 9.3.0/armtools/bin/../lib/gcc/arm-atollic-eabi/6.3.1/armv7e-m/fpu\libgcc.a(_aeabi_uldivmod.o)
                0x08000c90                __aeabi_uldivmod
 .text          0x08000cc0      0x2dc c:/program files (x86)/atollic/truestudio for stm32 9.3.0/armtools/bin/../lib/gcc/arm-atollic-eabi/6.3.1/armv7e-m/fpu\libgcc.a(_udivmoddi4.o)
                0x08000cc0                __udivmoddi4
 .text          0x08000f9c        0x4 c:/program files (x86)/atollic/truestudio for stm32 9.3.0/armtools/bin/../lib/gcc/arm-atollic-eabi/6.3.1/armv7e-m/fpu\libgcc.a(_dvmd_tls.o)
                0x08000f9c                __aeabi_idiv0
                0x08000f9c                __aeabi_ldiv0
 *(.text*)
 .text.HAL_InitTick
                0x08000fa0       0x48 Drivers\STM32F4xx_HAL_Driver\Src\stm32f4xx_hal.o
                0x08000fa0                HAL_InitTick
 .text.HAL_Init
                0x08000fe8       0x34 Drivers\STM32F4xx_HAL_Driver\Src\stm32f4xx_hal.o
                0x08000fe8                HAL_Init
 .text.HAL_IncTick
                0x0800101c       0x18 Drivers\STM32F4xx_HAL_Driver\Src\stm32f4xx_hal.o
                0x0800101c                HAL_IncTick
 .text.HAL_GetTick
                0x08001034        0xc Drivers\STM32F4xx_HAL_Driver\Src\stm32f4xx_hal.o
                0x08001034                HAL_GetTick
 .text.HAL_Delay
                0x08001040       0x28 Drivers\STM32F4xx_HAL_Driver\Src\stm32f4xx_hal.o
                0x08001040                HAL_Delay
 .text.HAL_ADC_Init
                0x08001068      0x148 Drivers\STM32F4xx_HAL_Driver\Src\stm32f4xx_hal_adc.o
                0x08001068                HAL_ADC_Init
 .text.HAL_ADC_Start_DMA
                0x080011b0      0x100 Drivers\STM32F4xx_HAL_Driver\Src\stm32f4xx_hal_adc.o
                0x080011b0                HAL_ADC_Start_DMA
 .text.ADC_DMAConvCplt
                0x080012b0       0x60 Drivers\STM32F4xx_HAL_Driver\Src\stm32f4xx_hal_adc.o
 .text.HAL_ADC_ConvHalfCpltCallback
                0x08001310        0x2 Drivers\STM32F4xx_HAL_Driver\Src\stm32f4xx_hal_adc.o
                0x08001310                HAL_ADC_ConvHalfCpltCallback
 .text.ADC_DMAHalfConvCplt
                0x08001312        0xa Drivers\STM32F4xx_HAL_Driver\Src\stm32f4xx_hal_adc.o
 .text.HAL_ADC_ErrorCallback
                0x0800131c        0x2 Drivers\STM32F4xx_HAL_Driver\Src\stm32f4xx_hal_adc.o
                0x0800131c                HAL_ADC_ErrorCallback
 .text.ADC_DMAError
                0x0800131e       0x16 Drivers\STM32F4xx_HAL_Driver\Src\stm32f4xx_hal_adc.o
 .text.HAL_ADC_ConfigChannel
                0x08001334      0x130 Drivers\STM32F4xx_HAL_Driver\Src\stm32f4xx_hal_adc.o
                0x08001334                HAL_ADC_ConfigChannel
 .text.HAL_NVIC_SetPriorityGrouping
                0x08001464       0x24 Drivers\STM32F4xx_HAL_Driver\Src\stm32f4xx_hal_cortex.o
                0x08001464                HAL_NVIC_SetPriorityGrouping
 .text.HAL_NVIC_SetPriority
                0x08001488       0x68 Drivers\STM32F4xx_HAL_Driver\Src\stm32f4xx_hal_cortex.o
                0x08001488                HAL_NVIC_SetPriority
 .text.HAL_NVIC_EnableIRQ
                0x080014f0       0x18 Drivers\STM32F4xx_HAL_Driver\Src\stm32f4xx_hal_cortex.o
                0x080014f0                HAL_NVIC_EnableIRQ
 .text.HAL_SYSTICK_Config
                0x08001508       0x2c Drivers\STM32F4xx_HAL_Driver\Src\stm32f4xx_hal_cortex.o
                0x08001508                HAL_SYSTICK_Config
 .text.DMA_CalcBaseAndBitshift
                0x08001534       0x2c Drivers\STM32F4xx_HAL_Driver\Src\stm32f4xx_hal_dma.o
 .text.HAL_DMA_Init
                0x08001560       0xfc Drivers\STM32F4xx_HAL_Driver\Src\stm32f4xx_hal_dma.o
                0x08001560                HAL_DMA_Init
 .text.HAL_DMA_Start_IT
                0x0800165c       0x7c Drivers\STM32F4xx_HAL_Driver\Src\stm32f4xx_hal_dma.o
                0x0800165c                HAL_DMA_Start_IT
 .text.HAL_DMA_Abort_IT
                0x080016d8       0x24 Drivers\STM32F4xx_HAL_Driver\Src\stm32f4xx_hal_dma.o
                0x080016d8                HAL_DMA_Abort_IT
 .text.HAL_DMA_IRQHandler
                0x080016fc      0x174 Drivers\STM32F4xx_HAL_Driver\Src\stm32f4xx_hal_dma.o
                0x080016fc                HAL_DMA_IRQHandler
 .text.HAL_GPIO_Init
                0x08001870      0x1ac Drivers\STM32F4xx_HAL_Driver\Src\stm32f4xx_hal_gpio.o
                0x08001870                HAL_GPIO_Init
 .text.HAL_GPIO_ReadPin
                0x08001a1c        0xc Drivers\STM32F4xx_HAL_Driver\Src\stm32f4xx_hal_gpio.o
                0x08001a1c                HAL_GPIO_ReadPin
 .text.HAL_GPIO_WritePin
                0x08001a28        0xa Drivers\STM32F4xx_HAL_Driver\Src\stm32f4xx_hal_gpio.o
                0x08001a28                HAL_GPIO_WritePin
 *fill*         0x08001a32        0x2 
 .text.HAL_RCC_OscConfig
                0x08001a34      0x304 Drivers\STM32F4xx_HAL_Driver\Src\stm32f4xx_hal_rcc.o
                0x08001a34                HAL_RCC_OscConfig
 .text.HAL_RCC_GetSysClockFreq
                0x08001d38       0x5c Drivers\STM32F4xx_HAL_Driver\Src\stm32f4xx_hal_rcc.o
                0x08001d38                HAL_RCC_GetSysClockFreq
 .text.HAL_RCC_ClockConfig
                0x08001d94      0x134 Drivers\STM32F4xx_HAL_Driver\Src\stm32f4xx_hal_rcc.o
                0x08001d94                HAL_RCC_ClockConfig
 .text.HAL_RCC_GetPCLK1Freq
                0x08001ec8       0x20 Drivers\STM32F4xx_HAL_Driver\Src\stm32f4xx_hal_rcc.o
                0x08001ec8                HAL_RCC_GetPCLK1Freq
 .text.HAL_RCC_GetPCLK2Freq
                0x08001ee8       0x20 Drivers\STM32F4xx_HAL_Driver\Src\stm32f4xx_hal_rcc.o
                0x08001ee8                HAL_RCC_GetPCLK2Freq
 .text.SPI_WaitFlagStateUntilTimeout
                0x08001f08       0x8e Drivers\STM32F4xx_HAL_Driver\Src\stm32f4xx_hal_spi.o
 .text.SPI_CheckFlag_BSY
                0x08001f96       0x20 Drivers\STM32F4xx_HAL_Driver\Src\stm32f4xx_hal_spi.o
 .text.HAL_SPI_Init
                0x08001fb6       0x7a Drivers\STM32F4xx_HAL_Driver\Src\stm32f4xx_hal_spi.o
                0x08001fb6                HAL_SPI_Init
 .text.HAL_SPI_Transmit
                0x08002030      0x152 Drivers\STM32F4xx_HAL_Driver\Src\stm32f4xx_hal_spi.o
                0x08002030                HAL_SPI_Transmit
 .text.HAL_SPI_TransmitReceive
                0x08002182      0x1f8 Drivers\STM32F4xx_HAL_Driver\Src\stm32f4xx_hal_spi.o
                0x08002182                HAL_SPI_TransmitReceive
 .text.HAL_SPI_Receive
                0x0800237a      0x13e Drivers\STM32F4xx_HAL_Driver\Src\stm32f4xx_hal_spi.o
                0x0800237a                HAL_SPI_Receive
 .text.TIM_OC1_SetConfig
                0x080024b8       0x50 Drivers\STM32F4xx_HAL_Driver\Src\stm32f4xx_hal_tim.o
 .text.TIM_OC3_SetConfig
                0x08002508       0x54 Drivers\STM32F4xx_HAL_Driver\Src\stm32f4xx_hal_tim.o
 .text.TIM_OC4_SetConfig
                0x0800255c       0x44 Drivers\STM32F4xx_HAL_Driver\Src\stm32f4xx_hal_tim.o
 .text.HAL_TIM_Base_Start_IT
                0x080025a0       0x16 Drivers\STM32F4xx_HAL_Driver\Src\stm32f4xx_hal_tim.o
                0x080025a0                HAL_TIM_Base_Start_IT
 .text.HAL_TIM_Base_Stop_IT
                0x080025b6       0x2a Drivers\STM32F4xx_HAL_Driver\Src\stm32f4xx_hal_tim.o
                0x080025b6                HAL_TIM_Base_Stop_IT
 .text.HAL_TIM_PWM_MspInit
                0x080025e0        0x2 Drivers\STM32F4xx_HAL_Driver\Src\stm32f4xx_hal_tim.o
                0x080025e0                HAL_TIM_PWM_MspInit
 .text.HAL_TIM_ConfigClockSource
                0x080025e2      0x172 Drivers\STM32F4xx_HAL_Driver\Src\stm32f4xx_hal_tim.o
                0x080025e2                HAL_TIM_ConfigClockSource
 .text.HAL_TIM_PeriodElapsedCallback
                0x08002754        0x2 Drivers\STM32F4xx_HAL_Driver\Src\stm32f4xx_hal_tim.o
                0x08002754                HAL_TIM_PeriodElapsedCallback
 .text.HAL_TIM_OC_DelayElapsedCallback
                0x08002756        0x2 Drivers\STM32F4xx_HAL_Driver\Src\stm32f4xx_hal_tim.o
                0x08002756                HAL_TIM_OC_DelayElapsedCallback
 .text.HAL_TIM_IC_CaptureCallback
                0x08002758        0x2 Drivers\STM32F4xx_HAL_Driver\Src\stm32f4xx_hal_tim.o
                0x08002758                HAL_TIM_IC_CaptureCallback
 .text.HAL_TIM_PWM_PulseFinishedCallback
                0x0800275a        0x2 Drivers\STM32F4xx_HAL_Driver\Src\stm32f4xx_hal_tim.o
                0x0800275a                HAL_TIM_PWM_PulseFinishedCallback
 .text.HAL_TIM_TriggerCallback
                0x0800275c        0x2 Drivers\STM32F4xx_HAL_Driver\Src\stm32f4xx_hal_tim.o
                0x0800275c                HAL_TIM_TriggerCallback
 .text.HAL_TIM_IRQHandler
                0x0800275e      0x144 Drivers\STM32F4xx_HAL_Driver\Src\stm32f4xx_hal_tim.o
                0x0800275e                HAL_TIM_IRQHandler
 *fill*         0x080028a2        0x2 
 .text.TIM_Base_SetConfig
                0x080028a4       0x98 Drivers\STM32F4xx_HAL_Driver\Src\stm32f4xx_hal_tim.o
                0x080028a4                TIM_Base_SetConfig
 .text.HAL_TIM_Base_Init
                0x0800293c       0x34 Drivers\STM32F4xx_HAL_Driver\Src\stm32f4xx_hal_tim.o
                0x0800293c                HAL_TIM_Base_Init
 .text.HAL_TIM_PWM_Init
                0x08002970       0x34 Drivers\STM32F4xx_HAL_Driver\Src\stm32f4xx_hal_tim.o
                0x08002970                HAL_TIM_PWM_Init
 .text.TIM_OC2_SetConfig
                0x080029a4       0x58 Drivers\STM32F4xx_HAL_Driver\Src\stm32f4xx_hal_tim.o
                0x080029a4                TIM_OC2_SetConfig
 .text.HAL_TIM_PWM_ConfigChannel
                0x080029fc       0xc4 Drivers\STM32F4xx_HAL_Driver\Src\stm32f4xx_hal_tim.o
                0x080029fc                HAL_TIM_PWM_ConfigChannel
 .text.TIM_CCxChannelCmd
                0x08002ac0       0x18 Drivers\STM32F4xx_HAL_Driver\Src\stm32f4xx_hal_tim.o
                0x08002ac0                TIM_CCxChannelCmd
 .text.HAL_TIM_PWM_Start
                0x08002ad8       0x2c Drivers\STM32F4xx_HAL_Driver\Src\stm32f4xx_hal_tim.o
                0x08002ad8                HAL_TIM_PWM_Start
 .text.HAL_TIMEx_MasterConfigSynchronization
                0x08002b04       0x44 Drivers\STM32F4xx_HAL_Driver\Src\stm32f4xx_hal_tim_ex.o
                0x08002b04                HAL_TIMEx_MasterConfigSynchronization
 .text.HAL_TIMEx_CommutationCallback
                0x08002b48        0x2 Drivers\STM32F4xx_HAL_Driver\Src\stm32f4xx_hal_tim_ex.o
                0x08002b48                HAL_TIMEx_CommutationCallback
 .text.HAL_TIMEx_BreakCallback
                0x08002b4a        0x2 Drivers\STM32F4xx_HAL_Driver\Src\stm32f4xx_hal_tim_ex.o
                0x08002b4a                HAL_TIMEx_BreakCallback
 .text.UART_EndRxTransfer
                0x08002b4c       0x1a Drivers\STM32F4xx_HAL_Driver\Src\stm32f4xx_hal_uart.o
 *fill*         0x08002b66        0x2 
 .text.UART_SetConfig
                0x08002b68      0x234 Drivers\STM32F4xx_HAL_Driver\Src\stm32f4xx_hal_uart.o
 .text.UART_WaitOnFlagUntilTimeout.constprop.3
                0x08002d9c       0x50 Drivers\STM32F4xx_HAL_Driver\Src\stm32f4xx_hal_uart.o
 .text.HAL_UART_Init
                0x08002dec       0x5c Drivers\STM32F4xx_HAL_Driver\Src\stm32f4xx_hal_uart.o
                0x08002dec                HAL_UART_Init
 .text.HAL_UART_Transmit
                0x08002e48       0xba Drivers\STM32F4xx_HAL_Driver\Src\stm32f4xx_hal_uart.o
                0x08002e48                HAL_UART_Transmit
 .text.HAL_UART_Receive
                0x08002f02       0xc0 Drivers\STM32F4xx_HAL_Driver\Src\stm32f4xx_hal_uart.o
                0x08002f02                HAL_UART_Receive
 .text.HAL_UART_TxCpltCallback
                0x08002fc2        0x2 Drivers\STM32F4xx_HAL_Driver\Src\stm32f4xx_hal_uart.o
                0x08002fc2                HAL_UART_TxCpltCallback
 .text.HAL_UART_RxCpltCallback
                0x08002fc4        0x2 Drivers\STM32F4xx_HAL_Driver\Src\stm32f4xx_hal_uart.o
                0x08002fc4                HAL_UART_RxCpltCallback
 .text.UART_Receive_IT
                0x08002fc6       0x74 Drivers\STM32F4xx_HAL_Driver\Src\stm32f4xx_hal_uart.o
 .text.HAL_UART_ErrorCallback
                0x0800303a        0x2 Drivers\STM32F4xx_HAL_Driver\Src\stm32f4xx_hal_uart.o
                0x0800303a                HAL_UART_ErrorCallback
 .text.HAL_UART_IRQHandler
                0x0800303c      0x140 Drivers\STM32F4xx_HAL_Driver\Src\stm32f4xx_hal_uart.o
                0x0800303c                HAL_UART_IRQHandler
 .text.UART_DMAAbortOnError
                0x0800317c       0x10 Drivers\STM32F4xx_HAL_Driver\Src\stm32f4xx_hal_uart.o
 .text.resetCurrent
                0x0800318c       0x6c Src\CMT.o
                0x0800318c                resetCurrent
 .text.intrpt1  0x080031f8     0x1198 Src\CMT.o
                0x080031f8                intrpt1
 .text.intrpt2  0x08004390      0x97c Src\CMT.o
                0x08004390                intrpt2
 *fill*         0x08004d0c        0x4 
 .text.intrpt3  0x08004d10     0x5cec Src\CMT.o
                0x08004d10                intrpt3
 .text.wait_ms  0x0800a9fc       0x1c Src\CMT.o
                0x0800a9fc                wait_ms
 .text.log_output
                0x0800aa18       0xb0 Src\Dataflash.o
                0x0800aa18                log_output
 .text.param_read
                0x0800aac8       0x90 Src\Dataflash.o
                0x0800aac8                param_read
 .text.map_copy
                0x0800ab58       0x44 Src\Dataflash.o
                0x0800ab58                map_copy
 .text.FLASH_WaitBusy
                0x0800ab9c       0x10 Src\Dataflash.o
                0x0800ab9c                FLASH_WaitBusy
 .text.FLASH_Erase
                0x0800abac       0x24 Src\Dataflash.o
                0x0800abac                FLASH_Erase
 .text.FLASH_Erase2
                0x0800abd0       0x24 Src\Dataflash.o
                0x0800abd0                FLASH_Erase2
 .text.log_erase
                0x0800abf4       0x54 Src\Dataflash.o
                0x0800abf4                log_erase
 .text.FLASH_WriteByte
                0x0800ac48       0x2c Src\Dataflash.o
                0x0800ac48                FLASH_WriteByte
 .text.FLASH_WriteData
                0x0800ac74       0x40 Src\Dataflash.o
                0x0800ac74                FLASH_WriteData
 .text.FLASH_AddWriteData
                0x0800acb4       0x3c Src\Dataflash.o
                0x0800acb4                FLASH_AddWriteData
 .text.log_write
                0x0800acf0       0x5c Src\Dataflash.o
                0x0800acf0                log_write
 .text.map_write2
                0x0800ad4c       0xc8 Src\Dataflash.o
                0x0800ad4c                map_write2
 .text.map_write
                0x0800ae14        0x4 Src\Dataflash.o
                0x0800ae14                map_write
 .text.param_write
                0x0800ae18       0xcc Src\Dataflash.o
                0x0800ae18                param_write
 .text.led_all.part.0
                0x0800aee4       0x54 Src\Interface.o
 .text.reset_notice
                0x0800af38       0xdc Src\Interface.o
                0x0800af38                reset_notice
 .text.led_all  0x0800b014       0x64 Src\Interface.o
                0x0800b014                led_all
 .text.upsound  0x0800b078       0x2c Src\Interface.o
                0x0800b078                upsound
 .text.downsound
                0x0800b0a4       0x2c Src\Interface.o
                0x0800b0a4                downsound
 .text.endsound
                0x0800b0d0       0x30 Src\Interface.o
                0x0800b0d0                endsound
 .text.waithand
                0x0800b100      0x148 Src\Interface.o
                0x0800b100                waithand
 .text.mode_change
                0x0800b248       0xc0 Src\Interface.o
                0x0800b248                mode_change
 .text.enmode   0x0800b308       0x98 Src\Interface.o
                0x0800b308                enmode
 .text.MX_ADC1_Init
                0x0800b3a0       0xbc Src\adc.o
                0x0800b3a0                MX_ADC1_Init
 .text.HAL_ADC_MspInit
                0x0800b45c       0xd0 Src\adc.o
                0x0800b45c                HAL_ADC_MspInit
 .text.makesaitan
                0x0800b52c      0x1a8 Src\beeline.o
                0x0800b52c                makesaitan
 .text.saitan_to_path
                0x0800b6d4      0x31c Src\beeline.o
                0x0800b6d4                saitan_to_path
 .text.turnWallEdge
                0x0800b9f0      0xafc Src\beeline.o
                0x0800b9f0                turnWallEdge
 .text.edge_reverse
                0x0800c4ec      0x134 Src\beeline.o
                0x0800c4ec                edge_reverse
 .text.saitan_shortest
                0x0800c620     0x659c Src\beeline.o
                0x0800c620                saitan_shortest
 .text.setpara  0x08012bbc      0x354 Src\beeline.o
                0x08012bbc                setpara
 .text.runTimeCalc
                0x08012f10      0xe5c Src\dijkstra.o
                0x08012f10                runTimeCalc
 .text.map_to_maze
                0x08013d6c       0x80 Src\dijkstra.o
                0x08013d6c                map_to_maze
 .text.nodereset
                0x08013dec       0xf0 Src\dijkstra.o
                0x08013dec                nodereset
 .text.infoup   0x08013edc       0x88 Src\dijkstra.o
                0x08013edc                infoup
 .text.shortest
                0x08013f64     0x45a8 Src\dijkstra.o
                0x08013f64                shortest
 .text.path_reverse
                0x0801850c      0x4c4 Src\dijkstra.o
                0x0801850c                path_reverse
 .text.MX_DMA_Init
                0x080189d0       0x34 Src\dma.o
                0x080189d0                MX_DMA_Init
 .text.ENC_R_Read1byte
                0x08018a04       0x5c Src\encoder.o
                0x08018a04                ENC_R_Read1byte
 .text.ENC_L_Read1byte
                0x08018a60       0x5c Src\encoder.o
                0x08018a60                ENC_L_Read1byte
 .text.ENC_R_GetAngle
                0x08018abc        0xe Src\encoder.o
                0x08018abc                ENC_R_GetAngle
 .text.ENC_L_GetAngle
                0x08018aca        0xe Src\encoder.o
                0x08018aca                ENC_L_GetAngle
 .text.MX_GPIO_Init
                0x08018ad8      0x110 Src\gpio.o
                0x08018ad8                MX_GPIO_Init
 .text.IMU_Write1byte
                0x08018be8       0x54 Src\imu.o
                0x08018be8                IMU_Write1byte
 .text.IMU_Read1byte
                0x08018c3c       0x54 Src\imu.o
                0x08018c3c                IMU_Read1byte
 .text.IMU_Initialize
                0x08018c90       0x68 Src\imu.o
                0x08018c90                IMU_Initialize
 .text.IMU_ResetReference
                0x08018cf8       0x54 Src\imu.o
                0x08018cf8                IMU_ResetReference
 .text.get_gyro_ref
                0x08018d4c       0xa0 Src\imu.o
                0x08018d4c                get_gyro_ref
 .text.IMU_GetAccel_X
                0x08018dec       0x6c Src\imu.o
                0x08018dec                IMU_GetAccel_X
 .text.IMU_GetGyro_Z
                0x08018e58       0x78 Src\imu.o
                0x08018e58                IMU_GetGyro_Z
 .text.HAL_ADC_ConvCpltCallback
                0x08018ed0        0x2 Src\ir_sensor.o
                0x08018ed0                HAL_ADC_ConvCpltCallback
 *fill*         0x08018ed2        0x2 
 .text.Sensor_Initialize
                0x08018ed4       0x14 Src\ir_sensor.o
                0x08018ed4                Sensor_Initialize
 .text.__io_putchar
                0x08018ee8       0x1c Src\main.o
                0x08018ee8                __io_putchar
 .text.__io_getchar
                0x08018f04       0x24 Src\main.o
                0x08018f04                __io_getchar
 .text.Communication_TerminalRecv
                0x08018f28       0x1c Src\main.o
                0x08018f28                Communication_TerminalRecv
 .text.stopWari
                0x08018f44       0x58 Src\main.o
                0x08018f44                stopWari
 .text.reStartWari
                0x08018f9c       0x24 Src\main.o
                0x08018f9c                reStartWari
 .text.show_logdata
                0x08018fc0       0x88 Src\main.o
                0x08018fc0                show_logdata
 .text.adjust_turn
                0x08019048     0x12fc Src\main.o
                0x08019048                adjust_turn
 .text.param_transmit
                0x0801a344     0x173c Src\main.o
                0x0801a344                param_transmit
 .text.param_receive
                0x0801ba80      0xe18 Src\main.o
                0x0801ba80                param_receive
 .text.SystemClock_Config
                0x0801c898       0x90 Src\main.o
                0x0801c898                SystemClock_Config
 .text.startup.main
                0x0801c928     0x1270 Src\main.o
                0x0801c928                main
 .text.Error_Handler
                0x0801db98        0x2 Src\main.o
                0x0801db98                Error_Handler
 *fill*         0x0801db9a        0x2 
 .text.queue_push
                0x0801db9c       0x3c Src\map.o
                0x0801db9c                queue_push
 .text.queue_pop
                0x0801dbd8       0x38 Src\map.o
                0x0801dbd8                queue_pop
 .text.queue_push2
                0x0801dc10       0x40 Src\map.o
                0x0801dc10                queue_push2
 .text.mapCtrlZ
                0x0801dc50       0xe8 Src\map.o
                0x0801dc50                mapCtrlZ
 .text.goalwallset
                0x0801dd38       0xac Src\map.o
                0x0801dd38                goalwallset
 .text.clearmap2
                0x0801dde4       0x24 Src\map.o
                0x0801dde4                clearmap2
 .text.mapsave  0x0801de08        0x2 Src\map.o
                0x0801de08                mapsave
 .text.recoverymap
                0x0801de0a        0x2 Src\map.o
                0x0801de0a                recoverymap
 .text.getwalldata
                0x0801de0c     0x157c Src\map.o
                0x0801de0c                getwalldata
 .text.makemap  0x0801f388      0x358 Src\map.o
                0x0801f388                makemap
 .text.clearmap
                0x0801f6e0       0x90 Src\map.o
                0x0801f6e0                clearmap
 .text.makesmap
                0x0801f770      0x41c Src\map.o
                0x0801f770                makesmap
 .text.Motor_Initialize
                0x0801fb8c       0x34 Src\motor.o
                0x0801fb8c                Motor_Initialize
 .text.Motor_StopPWM
                0x0801fbc0       0x2c Src\motor.o
                0x0801fbc0                Motor_StopPWM
 .text.motor_setVoltage
                0x0801fbec       0x94 Src\run.o
                0x0801fbec                motor_setVoltage
 .text.straight
                0x0801fc80      0x25c Src\run.o
                0x0801fc80                straight
 .text.straight3
                0x0801fedc      0x454 Src\run.o
                0x0801fedc                straight3
 .text.go       0x08020330        0xe Src\run.o
                0x08020330                go
 *fill*         0x0802033e        0x2 
 .text.runoffseta
                0x08020340      0x1dc Src\run.o
                0x08020340                runoffseta
 .text.runoffsetb
                0x0802051c      0x258 Src\run.o
                0x0802051c                runoffsetb
 .text.back     0x08020774      0x1ec Src\run.o
                0x08020774                back
 .text.turn     0x08020960      0x248 Src\run.o
                0x08020960                turn
 .text.f_wall   0x08020ba8       0xfc Src\run.o
                0x08020ba8                f_wall
 .text.sla      0x08020ca4      0x340 Src\run.o
                0x08020ca4                sla
 .text.sla2     0x08020fe4      0x41c Src\run.o
                0x08020fe4                sla2
 .text.sla3     0x08021400      0x3b4 Src\run.o
                0x08021400                sla3
 .text.party    0x080217b4       0xa4 Src\run.o
                0x080217b4                party
 .text.turn_fwall
                0x08021858      0x130 Src\run.o
                0x08021858                turn_fwall
 .text.turn_fwall2
                0x08021988      0x144 Src\run.o
                0x08021988                turn_fwall2
 .text.wallCtrlReset
                0x08021acc       0x5c Src\search.o
                0x08021acc                wallCtrlReset
 .text.slaadachi
                0x08021b28     0x1500 Src\search.o
                0x08021b28                slaadachi
 .text.setpara_search
                0x08023028       0xe8 Src\search.o
                0x08023028                setpara_search
 .text.MX_SPI2_Init
                0x08023110       0x48 Src\spi.o
                0x08023110                MX_SPI2_Init
 .text.MX_SPI3_Init
                0x08023158       0x48 Src\spi.o
                0x08023158                MX_SPI3_Init
 .text.HAL_SPI_MspInit
                0x080231a0       0xb4 Src\spi.o
                0x080231a0                HAL_SPI_MspInit
 .text.HAL_MspInit
                0x08023254       0x38 Src\stm32f4xx_hal_msp.o
                0x08023254                HAL_MspInit
 .text.NMI_Handler
                0x0802328c        0x2 Src\stm32f4xx_it.o
                0x0802328c                NMI_Handler
 .text.HardFault_Handler
                0x0802328e        0x2 Src\stm32f4xx_it.o
                0x0802328e                HardFault_Handler
 .text.MemManage_Handler
                0x08023290        0x2 Src\stm32f4xx_it.o
                0x08023290                MemManage_Handler
 .text.BusFault_Handler
                0x08023292        0x2 Src\stm32f4xx_it.o
                0x08023292                BusFault_Handler
 .text.UsageFault_Handler
                0x08023294        0x2 Src\stm32f4xx_it.o
                0x08023294                UsageFault_Handler
 .text.SVC_Handler
                0x08023296        0x2 Src\stm32f4xx_it.o
                0x08023296                SVC_Handler
 .text.DebugMon_Handler
                0x08023298        0x2 Src\stm32f4xx_it.o
                0x08023298                DebugMon_Handler
 .text.PendSV_Handler
                0x0802329a        0x2 Src\stm32f4xx_it.o
                0x0802329a                PendSV_Handler
 .text.SysTick_Handler
                0x0802329c        0x4 Src\stm32f4xx_it.o
                0x0802329c                SysTick_Handler
 .text.TIM1_BRK_TIM9_IRQHandler
                0x080232a0       0x14 Src\stm32f4xx_it.o
                0x080232a0                TIM1_BRK_TIM9_IRQHandler
 .text.TIM3_IRQHandler
                0x080232b4       0x14 Src\stm32f4xx_it.o
                0x080232b4                TIM3_IRQHandler
 .text.USART1_IRQHandler
                0x080232c8        0xc Src\stm32f4xx_it.o
                0x080232c8                USART1_IRQHandler
 .text.TIM5_IRQHandler
                0x080232d4       0x14 Src\stm32f4xx_it.o
                0x080232d4                TIM5_IRQHandler
 .text.DMA2_Stream4_IRQHandler
                0x080232e8        0xc Src\stm32f4xx_it.o
                0x080232e8                DMA2_Stream4_IRQHandler
 .text._read    0x080232f4       0x1c Src\syscalls.o
                0x080232f4                _read
 .text._write   0x08023310       0x1c Src\syscalls.o
                0x08023310                _write
 .text._sbrk    0x0802332c       0x34 Src\syscalls.o
                0x0802332c                _sbrk
 .text._close   0x08023360        0x6 Src\syscalls.o
                0x08023360                _close
 .text._fstat   0x08023366        0xa Src\syscalls.o
                0x08023366                _fstat
 .text._isatty  0x08023370        0x4 Src\syscalls.o
                0x08023370                _isatty
 .text._lseek   0x08023374        0x4 Src\syscalls.o
                0x08023374                _lseek
 .text.SystemInit
                0x08023378       0x4c Src\system_stm32f4xx.o
                0x08023378                SystemInit
 .text.MX_TIM3_Init
                0x080233c4       0x68 Src\tim.o
                0x080233c4                MX_TIM3_Init
 .text.MX_TIM5_Init
                0x0802342c       0x68 Src\tim.o
                0x0802342c                MX_TIM5_Init
 .text.MX_TIM9_Init
                0x08023494       0x4c Src\tim.o
                0x08023494                MX_TIM9_Init
 .text.HAL_TIM_Base_MspInit
                0x080234e0       0xe0 Src\tim.o
                0x080234e0                HAL_TIM_Base_MspInit
 .text.HAL_TIM_MspPostInit
                0x080235c0       0x84 Src\tim.o
                0x080235c0                HAL_TIM_MspPostInit
 .text.MX_TIM2_Init
                0x08023644       0x9c Src\tim.o
                0x08023644                MX_TIM2_Init
 .text.MX_TIM4_Init
                0x080236e0       0xac Src\tim.o
                0x080236e0                MX_TIM4_Init
 .text.MX_USART1_UART_Init
                0x0802378c       0x38 Src\usart.o
                0x0802378c                MX_USART1_UART_Init
 .text.HAL_UART_MspInit
                0x080237c4       0x80 Src\usart.o
                0x080237c4                HAL_UART_MspInit
 .text.Reset_Handler
                0x08023844       0x50 startup\startup_stm32f411xe.o
                0x08023844                Reset_Handler
 .text.Default_Handler
                0x08023894        0x2 startup\startup_stm32f411xe.o
                0x08023894                RTC_Alarm_IRQHandler
                0x08023894                EXTI2_IRQHandler
                0x08023894                SPI4_IRQHandler
                0x08023894                TIM1_CC_IRQHandler
                0x08023894                DMA2_Stream5_IRQHandler
                0x08023894                DMA1_Stream5_IRQHandler
                0x08023894                PVD_IRQHandler
                0x08023894                SDIO_IRQHandler
                0x08023894                TAMP_STAMP_IRQHandler
                0x08023894                EXTI3_IRQHandler
                0x08023894                TIM1_UP_TIM10_IRQHandler
                0x08023894                I2C3_ER_IRQHandler
                0x08023894                EXTI0_IRQHandler
                0x08023894                I2C2_EV_IRQHandler
                0x08023894                DMA1_Stream2_IRQHandler
                0x08023894                FPU_IRQHandler
                0x08023894                DMA2_Stream2_IRQHandler
                0x08023894                SPI1_IRQHandler
                0x08023894                DMA2_Stream3_IRQHandler
                0x08023894                USART6_IRQHandler
                0x08023894                DMA2_Stream0_IRQHandler
                0x08023894                TIM4_IRQHandler
                0x08023894                I2C1_EV_IRQHandler
                0x08023894                DMA1_Stream6_IRQHandler
                0x08023894                DMA1_Stream1_IRQHandler
                0x08023894                RCC_IRQHandler
                0x08023894                Default_Handler
                0x08023894                EXTI15_10_IRQHandler
                0x08023894                ADC_IRQHandler
                0x08023894                DMA1_Stream7_IRQHandler
                0x08023894                SPI5_IRQHandler
                0x08023894                DMA2_Stream7_IRQHandler
                0x08023894                I2C3_EV_IRQHandler
                0x08023894                EXTI9_5_IRQHandler
                0x08023894                RTC_WKUP_IRQHandler
                0x08023894                SPI2_IRQHandler
                0x08023894                DMA1_Stream0_IRQHandler
                0x08023894                EXTI4_IRQHandler
                0x08023894                WWDG_IRQHandler
                0x08023894                TIM2_IRQHandler
                0x08023894                OTG_FS_WKUP_IRQHandler
                0x08023894                TIM1_TRG_COM_TIM11_IRQHandler
                0x08023894                EXTI1_IRQHandler
                0x08023894                USART2_IRQHandler
                0x08023894                I2C2_ER_IRQHandler
                0x08023894                DMA2_Stream1_IRQHandler
                0x08023894                FLASH_IRQHandler
                0x08023894                OTG_FS_IRQHandler
                0x08023894                SPI3_IRQHandler
                0x08023894                DMA1_Stream4_IRQHandler
                0x08023894                I2C1_ER_IRQHandler
                0x08023894                DMA2_Stream6_IRQHandler
                0x08023894                DMA1_Stream3_IRQHandler
 *fill*         0x08023896        0x2 
 .text.arm_sin_f32
                0x08023898       0x88 C:\Users\‘¾“c’q–ç\Documents\monakanoko\libarm_cortexM4lf_math.a(arm_sin_f32.o)
                0x08023898                arm_sin_f32
 .text.arm_cos_f32
                0x08023920       0x80 C:\Users\‘¾“c’q–ç\Documents\monakanoko\libarm_cortexM4lf_math.a(arm_cos_f32.o)
                0x08023920                arm_cos_f32
 .text.atof     0x080239a0        0x6 c:/program files (x86)/atollic/truestudio for stm32 9.3.0/armtools/bin/../lib/gcc/arm-atollic-eabi/6.3.1/../../../../arm-atollic-eabi/lib/armv7e-m/fpu\libc_nano.a(lib_a-atof.o)
                0x080239a0                atof
 .text.atoi     0x080239a6        0x8 c:/program files (x86)/atollic/truestudio for stm32 9.3.0/armtools/bin/../lib/gcc/arm-atollic-eabi/6.3.1/../../../../arm-atollic-eabi/lib/armv7e-m/fpu\libc_nano.a(lib_a-atoi.o)
                0x080239a6                atoi
 *fill*         0x080239ae        0x2 
 .text.__errno  0x080239b0        0xc c:/program files (x86)/atollic/truestudio for stm32 9.3.0/armtools/bin/../lib/gcc/arm-atollic-eabi/6.3.1/../../../../arm-atollic-eabi/lib/armv7e-m/fpu\libc_nano.a(lib_a-errno.o)
                0x080239b0                __errno
 .text.__libc_init_array
                0x080239bc       0x48 c:/program files (x86)/atollic/truestudio for stm32 9.3.0/armtools/bin/../lib/gcc/arm-atollic-eabi/6.3.1/../../../../arm-atollic-eabi/lib/armv7e-m/fpu\libc_nano.a(lib_a-init.o)
                0x080239bc                __libc_init_array
 .text.memcpy   0x08023a04       0x16 c:/program files (x86)/atollic/truestudio for stm32 9.3.0/armtools/bin/../lib/gcc/arm-atollic-eabi/6.3.1/../../../../arm-atollic-eabi/lib/armv7e-m/fpu\libc_nano.a(lib_a-memcpy-stub.o)
                0x08023a04                memcpy
 .text.memset   0x08023a1a       0x10 c:/program files (x86)/atollic/truestudio for stm32 9.3.0/armtools/bin/../lib/gcc/arm-atollic-eabi/6.3.1/../../../../arm-atollic-eabi/lib/armv7e-m/fpu\libc_nano.a(lib_a-memset.o)
                0x08023a1a                memset
 .text.__cvt    0x08023a2a       0xc2 c:/program files (x86)/atollic/truestudio for stm32 9.3.0/armtools/bin/../lib/gcc/arm-atollic-eabi/6.3.1/../../../../arm-atollic-eabi/lib/armv7e-m/fpu\libc_nano.a(lib_a-nano-vfprintf_float.o)
                0x08023a2a                __cvt
 .text.__exponent
                0x08023aec       0x6a c:/program files (x86)/atollic/truestudio for stm32 9.3.0/armtools/bin/../lib/gcc/arm-atollic-eabi/6.3.1/../../../../arm-atollic-eabi/lib/armv7e-m/fpu\libc_nano.a(lib_a-nano-vfprintf_float.o)
                0x08023aec                __exponent
 *fill*         0x08023b56        0x2 
 .text._printf_float
                0x08023b58      0x480 c:/program files (x86)/atollic/truestudio for stm32 9.3.0/armtools/bin/../lib/gcc/arm-atollic-eabi/6.3.1/../../../../arm-atollic-eabi/lib/armv7e-m/fpu\libc_nano.a(lib_a-nano-vfprintf_float.o)
                0x08023b58                _printf_float
 .text._printf_common
                0x08023fd8       0xec c:/program files (x86)/atollic/truestudio for stm32 9.3.0/armtools/bin/../lib/gcc/arm-atollic-eabi/6.3.1/../../../../arm-atollic-eabi/lib/armv7e-m/fpu\libc_nano.a(lib_a-nano-vfprintf_i.o)
                0x08023fd8                _printf_common
 .text._printf_i
                0x080240c4      0x240 c:/program files (x86)/atollic/truestudio for stm32 9.3.0/armtools/bin/../lib/gcc/arm-atollic-eabi/6.3.1/../../../../arm-atollic-eabi/lib/armv7e-m/fpu\libc_nano.a(lib_a-nano-vfprintf_i.o)
                0x080240c4                _printf_i
 .text.printf   0x08024304       0x30 c:/program files (x86)/atollic/truestudio for stm32 9.3.0/armtools/bin/../lib/gcc/arm-atollic-eabi/6.3.1/../../../../arm-atollic-eabi/lib/armv7e-m/fpu\libc_nano.a(lib_a-printf.o)
                0x08024304                iprintf
                0x08024304                printf
 .text.putchar  0x08024334       0x28 c:/program files (x86)/atollic/truestudio for stm32 9.3.0/armtools/bin/../lib/gcc/arm-atollic-eabi/6.3.1/../../../../arm-atollic-eabi/lib/armv7e-m/fpu\libc_nano.a(lib_a-putchar.o)
                0x08024334                putchar
 .text._puts_r  0x0802435c       0xb8 c:/program files (x86)/atollic/truestudio for stm32 9.3.0/armtools/bin/../lib/gcc/arm-atollic-eabi/6.3.1/../../../../arm-atollic-eabi/lib/armv7e-m/fpu\libc_nano.a(lib_a-puts.o)
                0x0802435c                _puts_r
 .text.puts     0x08024414       0x10 c:/program files (x86)/atollic/truestudio for stm32 9.3.0/armtools/bin/../lib/gcc/arm-atollic-eabi/6.3.1/../../../../arm-atollic-eabi/lib/armv7e-m/fpu\libc_nano.a(lib_a-puts.o)
                0x08024414                puts
 .text.setbuf   0x08024424       0x10 c:/program files (x86)/atollic/truestudio for stm32 9.3.0/armtools/bin/../lib/gcc/arm-atollic-eabi/6.3.1/../../../../arm-atollic-eabi/lib/armv7e-m/fpu\libc_nano.a(lib_a-setbuf.o)
                0x08024424                setbuf
 .text.setvbuf  0x08024434      0x15c c:/program files (x86)/atollic/truestudio for stm32 9.3.0/armtools/bin/../lib/gcc/arm-atollic-eabi/6.3.1/../../../../arm-atollic-eabi/lib/armv7e-m/fpu\libc_nano.a(lib_a-setvbuf.o)
                0x08024434                setvbuf
 .text.unlikely.sulp
                0x08024590       0x38 c:/program files (x86)/atollic/truestudio for stm32 9.3.0/armtools/bin/../lib/gcc/arm-atollic-eabi/6.3.1/../../../../arm-atollic-eabi/lib/armv7e-m/fpu\libc_nano.a(lib_a-strtod.o)
 .text._strtod_l
                0x080245c8      0xbd8 c:/program files (x86)/atollic/truestudio for stm32 9.3.0/armtools/bin/../lib/gcc/arm-atollic-eabi/6.3.1/../../../../arm-atollic-eabi/lib/armv7e-m/fpu\libc_nano.a(lib_a-strtod.o)
                0x080245c8                _strtod_l
 .text.strtod   0x080251a0       0x28 c:/program files (x86)/atollic/truestudio for stm32 9.3.0/armtools/bin/../lib/gcc/arm-atollic-eabi/6.3.1/../../../../arm-atollic-eabi/lib/armv7e-m/fpu\libc_nano.a(lib_a-strtod.o)
                0x080251a0                strtod
 .text.strtok   0x080251c8       0x54 c:/program files (x86)/atollic/truestudio for stm32 9.3.0/armtools/bin/../lib/gcc/arm-atollic-eabi/6.3.1/../../../../arm-atollic-eabi/lib/armv7e-m/fpu\libc_nano.a(lib_a-strtok.o)
                0x080251c8                strtok
 .text.__strtok_r
                0x0802521c       0x52 c:/program files (x86)/atollic/truestudio for stm32 9.3.0/armtools/bin/../lib/gcc/arm-atollic-eabi/6.3.1/../../../../arm-atollic-eabi/lib/armv7e-m/fpu\libc_nano.a(lib_a-strtok_r.o)
                0x0802521c                __strtok_r
 .text._strtol_l.isra.0
                0x0802526e      0x100 c:/program files (x86)/atollic/truestudio for stm32 9.3.0/armtools/bin/../lib/gcc/arm-atollic-eabi/6.3.1/../../../../arm-atollic-eabi/lib/armv7e-m/fpu\libc_nano.a(lib_a-strtol.o)
 *fill*         0x0802536e        0x2 
 .text.strtol   0x08025370       0x2c c:/program files (x86)/atollic/truestudio for stm32 9.3.0/armtools/bin/../lib/gcc/arm-atollic-eabi/6.3.1/../../../../arm-atollic-eabi/lib/armv7e-m/fpu\libc_nano.a(lib_a-strtol.o)
                0x08025370                strtol
 .text.__swbuf_r
                0x0802539c       0xa4 c:/program files (x86)/atollic/truestudio for stm32 9.3.0/armtools/bin/../lib/gcc/arm-atollic-eabi/6.3.1/../../../../arm-atollic-eabi/lib/armv7e-m/fpu\libc_nano.a(lib_a-wbuf.o)
                0x0802539c                __swbuf_r
 .text.__swsetup_r
                0x08025440       0xdc c:/program files (x86)/atollic/truestudio for stm32 9.3.0/armtools/bin/../lib/gcc/arm-atollic-eabi/6.3.1/../../../../arm-atollic-eabi/lib/armv7e-m/fpu\libc_nano.a(lib_a-wsetup.o)
                0x08025440                __swsetup_r
 .text.quorem   0x0802551c      0x118 c:/program files (x86)/atollic/truestudio for stm32 9.3.0/armtools/bin/../lib/gcc/arm-atollic-eabi/6.3.1/../../../../arm-atollic-eabi/lib/armv7e-m/fpu\libc_nano.a(lib_a-dtoa.o)
 *fill*         0x08025634        0x4 
 .text._dtoa_r  0x08025638      0xb9c c:/program files (x86)/atollic/truestudio for stm32 9.3.0/armtools/bin/../lib/gcc/arm-atollic-eabi/6.3.1/../../../../arm-atollic-eabi/lib/armv7e-m/fpu\libc_nano.a(lib_a-dtoa.o)
                0x08025638                _dtoa_r
 .text.__sflush_r
                0x080261d4      0x110 c:/program files (x86)/atollic/truestudio for stm32 9.3.0/armtools/bin/../lib/gcc/arm-atollic-eabi/6.3.1/../../../../arm-atollic-eabi/lib/armv7e-m/fpu\libc_nano.a(lib_a-fflush.o)
                0x080261d4                __sflush_r
 .text._fflush_r
                0x080262e4       0x54 c:/program files (x86)/atollic/truestudio for stm32 9.3.0/armtools/bin/../lib/gcc/arm-atollic-eabi/6.3.1/../../../../arm-atollic-eabi/lib/armv7e-m/fpu\libc_nano.a(lib_a-fflush.o)
                0x080262e4                _fflush_r
 .text._cleanup_r
                0x08026338        0xc c:/program files (x86)/atollic/truestudio for stm32 9.3.0/armtools/bin/../lib/gcc/arm-atollic-eabi/6.3.1/../../../../arm-atollic-eabi/lib/armv7e-m/fpu\libc_nano.a(lib_a-findfp.o)
                0x08026338                _cleanup_r
 .text.std.isra.0
                0x08026344       0x48 c:/program files (x86)/atollic/truestudio for stm32 9.3.0/armtools/bin/../lib/gcc/arm-atollic-eabi/6.3.1/../../../../arm-atollic-eabi/lib/armv7e-m/fpu\libc_nano.a(lib_a-findfp.o)
 .text.__sfmoreglue
                0x0802638c       0x2c c:/program files (x86)/atollic/truestudio for stm32 9.3.0/armtools/bin/../lib/gcc/arm-atollic-eabi/6.3.1/../../../../arm-atollic-eabi/lib/armv7e-m/fpu\libc_nano.a(lib_a-findfp.o)
                0x0802638c                __sfmoreglue
 .text.__sinit  0x080263b8       0x60 c:/program files (x86)/atollic/truestudio for stm32 9.3.0/armtools/bin/../lib/gcc/arm-atollic-eabi/6.3.1/../../../../arm-atollic-eabi/lib/armv7e-m/fpu\libc_nano.a(lib_a-findfp.o)
                0x080263b8                __sinit
 .text.__sfp    0x08026418       0x78 c:/program files (x86)/atollic/truestudio for stm32 9.3.0/armtools/bin/../lib/gcc/arm-atollic-eabi/6.3.1/../../../../arm-atollic-eabi/lib/armv7e-m/fpu\libc_nano.a(lib_a-findfp.o)
                0x08026418                __sfp
 .text._fwalk_reent
                0x08026490       0x3c c:/program files (x86)/atollic/truestudio for stm32 9.3.0/armtools/bin/../lib/gcc/arm-atollic-eabi/6.3.1/../../../../arm-atollic-eabi/lib/armv7e-m/fpu\libc_nano.a(lib_a-fwalk.o)
                0x08026490                _fwalk_reent
 .text.rshift   0x080264cc       0x6a c:/program files (x86)/atollic/truestudio for stm32 9.3.0/armtools/bin/../lib/gcc/arm-atollic-eabi/6.3.1/../../../../arm-atollic-eabi/lib/armv7e-m/fpu\libc_nano.a(lib_a-gdtoa-gethex.o)
 .text.__hexdig_fun
                0x08026536       0x2a c:/program files (x86)/atollic/truestudio for stm32 9.3.0/armtools/bin/../lib/gcc/arm-atollic-eabi/6.3.1/../../../../arm-atollic-eabi/lib/armv7e-m/fpu\libc_nano.a(lib_a-gdtoa-gethex.o)
                0x08026536                __hexdig_fun
 .text.__gethex
                0x08026560      0x43c c:/program files (x86)/atollic/truestudio for stm32 9.3.0/armtools/bin/../lib/gcc/arm-atollic-eabi/6.3.1/../../../../arm-atollic-eabi/lib/armv7e-m/fpu\libc_nano.a(lib_a-gdtoa-gethex.o)
                0x08026560                __gethex
 .text.L_shift  0x0802699c       0x24 c:/program files (x86)/atollic/truestudio for stm32 9.3.0/armtools/bin/../lib/gcc/arm-atollic-eabi/6.3.1/../../../../arm-atollic-eabi/lib/armv7e-m/fpu\libc_nano.a(lib_a-gdtoa-hexnan.o)
 .text.__match  0x080269c0       0x26 c:/program files (x86)/atollic/truestudio for stm32 9.3.0/armtools/bin/../lib/gcc/arm-atollic-eabi/6.3.1/../../../../arm-atollic-eabi/lib/armv7e-m/fpu\libc_nano.a(lib_a-gdtoa-hexnan.o)
                0x080269c0                __match
 .text.__hexnan
                0x080269e6      0x120 c:/program files (x86)/atollic/truestudio for stm32 9.3.0/armtools/bin/../lib/gcc/arm-atollic-eabi/6.3.1/../../../../arm-atollic-eabi/lib/armv7e-m/fpu\libc_nano.a(lib_a-gdtoa-hexnan.o)
                0x080269e6                __hexnan
 .text.__locale_ctype_ptr_l
                0x08026b06        0x6 c:/program files (x86)/atollic/truestudio for stm32 9.3.0/armtools/bin/../lib/gcc/arm-atollic-eabi/6.3.1/../../../../arm-atollic-eabi/lib/armv7e-m/fpu\libc_nano.a(lib_a-locale.o)
                0x08026b06                __locale_ctype_ptr_l
 .text.__localeconv_l
                0x08026b0c        0x4 c:/program files (x86)/atollic/truestudio for stm32 9.3.0/armtools/bin/../lib/gcc/arm-atollic-eabi/6.3.1/../../../../arm-atollic-eabi/lib/armv7e-m/fpu\libc_nano.a(lib_a-localeconv.o)
                0x08026b0c                __localeconv_l
 .text._localeconv_r
                0x08026b10       0x1c c:/program files (x86)/atollic/truestudio for stm32 9.3.0/armtools/bin/../lib/gcc/arm-atollic-eabi/6.3.1/../../../../arm-atollic-eabi/lib/armv7e-m/fpu\libc_nano.a(lib_a-localeconv.o)
                0x08026b10                _localeconv_r
 .text.__swhatbuf_r
                0x08026b2c       0x48 c:/program files (x86)/atollic/truestudio for stm32 9.3.0/armtools/bin/../lib/gcc/arm-atollic-eabi/6.3.1/../../../../arm-atollic-eabi/lib/armv7e-m/fpu\libc_nano.a(lib_a-makebuf.o)
                0x08026b2c                __swhatbuf_r
 .text.__smakebuf_r
                0x08026b74       0x80 c:/program files (x86)/atollic/truestudio for stm32 9.3.0/armtools/bin/../lib/gcc/arm-atollic-eabi/6.3.1/../../../../arm-atollic-eabi/lib/armv7e-m/fpu\libc_nano.a(lib_a-makebuf.o)
                0x08026b74                __smakebuf_r
 .text.malloc   0x08026bf4       0x10 c:/program files (x86)/atollic/truestudio for stm32 9.3.0/armtools/bin/../lib/gcc/arm-atollic-eabi/6.3.1/../../../../arm-atollic-eabi/lib/armv7e-m/fpu\libc_nano.a(lib_a-malloc.o)
                0x08026bf4                malloc
 .text.__ascii_mbtowc
                0x08026c04       0x24 c:/program files (x86)/atollic/truestudio for stm32 9.3.0/armtools/bin/../lib/gcc/arm-atollic-eabi/6.3.1/../../../../arm-atollic-eabi/lib/armv7e-m/fpu\libc_nano.a(lib_a-mbtowc_r.o)
                0x08026c04                __ascii_mbtowc
 .text._Balloc  0x08026c28       0x68 c:/program files (x86)/atollic/truestudio for stm32 9.3.0/armtools/bin/../lib/gcc/arm-atollic-eabi/6.3.1/../../../../arm-atollic-eabi/lib/armv7e-m/fpu\libc_nano.a(lib_a-mprec.o)
                0x08026c28                _Balloc
 .text._Bfree   0x08026c90       0x2e c:/program files (x86)/atollic/truestudio for stm32 9.3.0/armtools/bin/../lib/gcc/arm-atollic-eabi/6.3.1/../../../../arm-atollic-eabi/lib/armv7e-m/fpu\libc_nano.a(lib_a-mprec.o)
                0x08026c90                _Bfree
 .text.__multadd
                0x08026cbe       0x76 c:/program files (x86)/atollic/truestudio for stm32 9.3.0/armtools/bin/../lib/gcc/arm-atollic-eabi/6.3.1/../../../../arm-atollic-eabi/lib/armv7e-m/fpu\libc_nano.a(lib_a-mprec.o)
                0x08026cbe                __multadd
 .text.__s2b    0x08026d34       0x7c c:/program files (x86)/atollic/truestudio for stm32 9.3.0/armtools/bin/../lib/gcc/arm-atollic-eabi/6.3.1/../../../../arm-atollic-eabi/lib/armv7e-m/fpu\libc_nano.a(lib_a-mprec.o)
                0x08026d34                __s2b
 .text.__hi0bits
                0x08026db0       0x3e c:/program files (x86)/atollic/truestudio for stm32 9.3.0/armtools/bin/../lib/gcc/arm-atollic-eabi/6.3.1/../../../../arm-atollic-eabi/lib/armv7e-m/fpu\libc_nano.a(lib_a-mprec.o)
                0x08026db0                __hi0bits
 .text.__lo0bits
                0x08026dee       0x5e c:/program files (x86)/atollic/truestudio for stm32 9.3.0/armtools/bin/../lib/gcc/arm-atollic-eabi/6.3.1/../../../../arm-atollic-eabi/lib/armv7e-m/fpu\libc_nano.a(lib_a-mprec.o)
                0x08026dee                __lo0bits
 .text.__i2b    0x08026e4c       0x12 c:/program files (x86)/atollic/truestudio for stm32 9.3.0/armtools/bin/../lib/gcc/arm-atollic-eabi/6.3.1/../../../../arm-atollic-eabi/lib/armv7e-m/fpu\libc_nano.a(lib_a-mprec.o)
                0x08026e4c                __i2b
 .text.__multiply
                0x08026e5e      0x11a c:/program files (x86)/atollic/truestudio for stm32 9.3.0/armtools/bin/../lib/gcc/arm-atollic-eabi/6.3.1/../../../../arm-atollic-eabi/lib/armv7e-m/fpu\libc_nano.a(lib_a-mprec.o)
                0x08026e5e                __multiply
 .text.__pow5mult
                0x08026f78       0x9c c:/program files (x86)/atollic/truestudio for stm32 9.3.0/armtools/bin/../lib/gcc/arm-atollic-eabi/6.3.1/../../../../arm-atollic-eabi/lib/armv7e-m/fpu\libc_nano.a(lib_a-mprec.o)
                0x08026f78                __pow5mult
 .text.__lshift
                0x08027014       0xa2 c:/program files (x86)/atollic/truestudio for stm32 9.3.0/armtools/bin/../lib/gcc/arm-atollic-eabi/6.3.1/../../../../arm-atollic-eabi/lib/armv7e-m/fpu\libc_nano.a(lib_a-mprec.o)
                0x08027014                __lshift
 .text.__mcmp   0x080270b6       0x34 c:/program files (x86)/atollic/truestudio for stm32 9.3.0/armtools/bin/../lib/gcc/arm-atollic-eabi/6.3.1/../../../../arm-atollic-eabi/lib/armv7e-m/fpu\libc_nano.a(lib_a-mprec.o)
                0x080270b6                __mcmp
 .text.__mdiff  0x080270ea       0xbc c:/program files (x86)/atollic/truestudio for stm32 9.3.0/armtools/bin/../lib/gcc/arm-atollic-eabi/6.3.1/../../../../arm-atollic-eabi/lib/armv7e-m/fpu\libc_nano.a(lib_a-mprec.o)
                0x080270ea                __mdiff
 *fill*         0x080271a6        0x2 
 .text.__ulp    0x080271a8       0x50 c:/program files (x86)/atollic/truestudio for stm32 9.3.0/armtools/bin/../lib/gcc/arm-atollic-eabi/6.3.1/../../../../arm-atollic-eabi/lib/armv7e-m/fpu\libc_nano.a(lib_a-mprec.o)
                0x080271a8                __ulp
 .text.__b2d    0x080271f8       0x9c c:/program files (x86)/atollic/truestudio for stm32 9.3.0/armtools/bin/../lib/gcc/arm-atollic-eabi/6.3.1/../../../../arm-atollic-eabi/lib/armv7e-m/fpu\libc_nano.a(lib_a-mprec.o)
                0x080271f8                __b2d
 .text.__d2b    0x08027294       0x9e c:/program files (x86)/atollic/truestudio for stm32 9.3.0/armtools/bin/../lib/gcc/arm-atollic-eabi/6.3.1/../../../../arm-atollic-eabi/lib/armv7e-m/fpu\libc_nano.a(lib_a-mprec.o)
                0x08027294                __d2b
 .text.__ratio  0x08027332       0x58 c:/program files (x86)/atollic/truestudio for stm32 9.3.0/armtools/bin/../lib/gcc/arm-atollic-eabi/6.3.1/../../../../arm-atollic-eabi/lib/armv7e-m/fpu\libc_nano.a(lib_a-mprec.o)
                0x08027332                __ratio
 .text.__copybits
                0x0802738a       0x34 c:/program files (x86)/atollic/truestudio for stm32 9.3.0/armtools/bin/../lib/gcc/arm-atollic-eabi/6.3.1/../../../../arm-atollic-eabi/lib/armv7e-m/fpu\libc_nano.a(lib_a-mprec.o)
                0x0802738a                __copybits
 .text.__any_on
                0x080273be       0x42 c:/program files (x86)/atollic/truestudio for stm32 9.3.0/armtools/bin/../lib/gcc/arm-atollic-eabi/6.3.1/../../../../arm-atollic-eabi/lib/armv7e-m/fpu\libc_nano.a(lib_a-mprec.o)
                0x080273be                __any_on
 .text._calloc_r
                0x08027400       0x1c c:/program files (x86)/atollic/truestudio for stm32 9.3.0/armtools/bin/../lib/gcc/arm-atollic-eabi/6.3.1/../../../../arm-atollic-eabi/lib/armv7e-m/fpu\libc_nano.a(lib_a-nano-callocr.o)
                0x08027400                _calloc_r
 .text._free_r  0x0802741c       0x9c c:/program files (x86)/atollic/truestudio for stm32 9.3.0/armtools/bin/../lib/gcc/arm-atollic-eabi/6.3.1/../../../../arm-atollic-eabi/lib/armv7e-m/fpu\libc_nano.a(lib_a-nano-freer.o)
                0x0802741c                _free_r
 .text._malloc_r
                0x080274b8       0xbc c:/program files (x86)/atollic/truestudio for stm32 9.3.0/armtools/bin/../lib/gcc/arm-atollic-eabi/6.3.1/../../../../arm-atollic-eabi/lib/armv7e-m/fpu\libc_nano.a(lib_a-nano-mallocr.o)
                0x080274b8                _malloc_r
 .text.__sfputc_r
                0x08027574       0x30 c:/program files (x86)/atollic/truestudio for stm32 9.3.0/armtools/bin/../lib/gcc/arm-atollic-eabi/6.3.1/../../../../arm-atollic-eabi/lib/armv7e-m/fpu\libc_nano.a(lib_a-nano-vfprintf.o)
 .text.__sfputs_r
                0x080275a4       0x24 c:/program files (x86)/atollic/truestudio for stm32 9.3.0/armtools/bin/../lib/gcc/arm-atollic-eabi/6.3.1/../../../../arm-atollic-eabi/lib/armv7e-m/fpu\libc_nano.a(lib_a-nano-vfprintf.o)
                0x080275a4                __sfputs_r
 .text._vfprintf_r
                0x080275c8      0x22c c:/program files (x86)/atollic/truestudio for stm32 9.3.0/armtools/bin/../lib/gcc/arm-atollic-eabi/6.3.1/../../../../arm-atollic-eabi/lib/armv7e-m/fpu\libc_nano.a(lib_a-nano-vfprintf.o)
                0x080275c8                _vfprintf_r
                0x080275c8                _vfiprintf_r
 .text._putc_r  0x080277f4       0x6c c:/program files (x86)/atollic/truestudio for stm32 9.3.0/armtools/bin/../lib/gcc/arm-atollic-eabi/6.3.1/../../../../arm-atollic-eabi/lib/armv7e-m/fpu\libc_nano.a(lib_a-putc.o)
                0x080277f4                _putc_r
 .text._sbrk_r  0x08027860       0x20 c:/program files (x86)/atollic/truestudio for stm32 9.3.0/armtools/bin/../lib/gcc/arm-atollic-eabi/6.3.1/../../../../arm-atollic-eabi/lib/armv7e-m/fpu\libc_nano.a(lib_a-sbrkr.o)
                0x08027860                _sbrk_r
 .text.__sread  0x08027880       0x22 c:/program files (x86)/atollic/truestudio for stm32 9.3.0/armtools/bin/../lib/gcc/arm-atollic-eabi/6.3.1/../../../../arm-atollic-eabi/lib/armv7e-m/fpu\libc_nano.a(lib_a-stdio.o)
                0x08027880                __sread
 .text.__swrite
                0x080278a2       0x38 c:/program files (x86)/atollic/truestudio for stm32 9.3.0/armtools/bin/../lib/gcc/arm-atollic-eabi/6.3.1/../../../../arm-atollic-eabi/lib/armv7e-m/fpu\libc_nano.a(lib_a-stdio.o)
                0x080278a2                __swrite
 .text.__sseek  0x080278da       0x24 c:/program files (x86)/atollic/truestudio for stm32 9.3.0/armtools/bin/../lib/gcc/arm-atollic-eabi/6.3.1/../../../../arm-atollic-eabi/lib/armv7e-m/fpu\libc_nano.a(lib_a-stdio.o)
                0x080278da                __sseek
 .text.__sclose
                0x080278fe        0x8 c:/program files (x86)/atollic/truestudio for stm32 9.3.0/armtools/bin/../lib/gcc/arm-atollic-eabi/6.3.1/../../../../arm-atollic-eabi/lib/armv7e-m/fpu\libc_nano.a(lib_a-stdio.o)
                0x080278fe                __sclose
 .text.strncmp  0x08027906       0x24 c:/program files (x86)/atollic/truestudio for stm32 9.3.0/armtools/bin/../lib/gcc/arm-atollic-eabi/6.3.1/../../../../arm-atollic-eabi/lib/armv7e-m/fpu\libc_nano.a(lib_a-strncmp.o)
                0x08027906                strncmp
 .text.__ascii_wctomb
                0x0802792a       0x1a c:/program files (x86)/atollic/truestudio for stm32 9.3.0/armtools/bin/../lib/gcc/arm-atollic-eabi/6.3.1/../../../../arm-atollic-eabi/lib/armv7e-m/fpu\libc_nano.a(lib_a-wctomb_r.o)
                0x0802792a                __ascii_wctomb
 .text._write_r
                0x08027944       0x24 c:/program files (x86)/atollic/truestudio for stm32 9.3.0/armtools/bin/../lib/gcc/arm-atollic-eabi/6.3.1/../../../../arm-atollic-eabi/lib/armv7e-m/fpu\libc_nano.a(lib_a-writer.o)
                0x08027944                _write_r
 .text._close_r
                0x08027968       0x20 c:/program files (x86)/atollic/truestudio for stm32 9.3.0/armtools/bin/../lib/gcc/arm-atollic-eabi/6.3.1/../../../../arm-atollic-eabi/lib/armv7e-m/fpu\libc_nano.a(lib_a-closer.o)
                0x08027968                _close_r
 .text._fstat_r
                0x08027988       0x24 c:/program files (x86)/atollic/truestudio for stm32 9.3.0/armtools/bin/../lib/gcc/arm-atollic-eabi/6.3.1/../../../../arm-atollic-eabi/lib/armv7e-m/fpu\libc_nano.a(lib_a-fstatr.o)
                0x08027988                _fstat_r
 .text._isatty_r
                0x080279ac       0x20 c:/program files (x86)/atollic/truestudio for stm32 9.3.0/armtools/bin/../lib/gcc/arm-atollic-eabi/6.3.1/../../../../arm-atollic-eabi/lib/armv7e-m/fpu\libc_nano.a(lib_a-isattyr.o)
                0x080279ac                _isatty_r
 .text._lseek_r
                0x080279cc       0x24 c:/program files (x86)/atollic/truestudio for stm32 9.3.0/armtools/bin/../lib/gcc/arm-atollic-eabi/6.3.1/../../../../arm-atollic-eabi/lib/armv7e-m/fpu\libc_nano.a(lib_a-lseekr.o)
                0x080279cc                _lseek_r
 .text.__malloc_lock
                0x080279f0        0x2 c:/program files (x86)/atollic/truestudio for stm32 9.3.0/armtools/bin/../lib/gcc/arm-atollic-eabi/6.3.1/../../../../arm-atollic-eabi/lib/armv7e-m/fpu\libc_nano.a(lib_a-mlock.o)
                0x080279f0                __malloc_lock
 .text.__malloc_unlock
                0x080279f2        0x2 c:/program files (x86)/atollic/truestudio for stm32 9.3.0/armtools/bin/../lib/gcc/arm-atollic-eabi/6.3.1/../../../../arm-atollic-eabi/lib/armv7e-m/fpu\libc_nano.a(lib_a-mlock.o)
                0x080279f2                __malloc_unlock
 .text._read_r  0x080279f4       0x24 c:/program files (x86)/atollic/truestudio for stm32 9.3.0/armtools/bin/../lib/gcc/arm-atollic-eabi/6.3.1/../../../../arm-atollic-eabi/lib/armv7e-m/fpu\libc_nano.a(lib_a-readr.o)
                0x080279f4                _read_r
 .text.acos     0x08027a18       0xb0 c:/program files (x86)/atollic/truestudio for stm32 9.3.0/armtools/bin/../lib/gcc/arm-atollic-eabi/6.3.1/../../../../arm-atollic-eabi/lib/armv7e-m/fpu\libm.a(lib_a-w_acos.o)
                0x08027a18                acos
 .text.asin     0x08027ac8       0xb0 c:/program files (x86)/atollic/truestudio for stm32 9.3.0/armtools/bin/../lib/gcc/arm-atollic-eabi/6.3.1/../../../../arm-atollic-eabi/lib/armv7e-m/fpu\libm.a(lib_a-w_asin.o)
                0x08027ac8                asin
 .text.exp      0x08027b78       0xf8 c:/program files (x86)/atollic/truestudio for stm32 9.3.0/armtools/bin/../lib/gcc/arm-atollic-eabi/6.3.1/../../../../arm-atollic-eabi/lib/armv7e-m/fpu\libm.a(lib_a-w_exp.o)
                0x08027b78                exp
 .text.log      0x08027c70      0x100 c:/program files (x86)/atollic/truestudio for stm32 9.3.0/armtools/bin/../lib/gcc/arm-atollic-eabi/6.3.1/../../../../arm-atollic-eabi/lib/armv7e-m/fpu\libm.a(lib_a-w_log.o)
                0x08027c70                log
 .text.pow      0x08027d70      0x2f0 c:/program files (x86)/atollic/truestudio for stm32 9.3.0/armtools/bin/../lib/gcc/arm-atollic-eabi/6.3.1/../../../../arm-atollic-eabi/lib/armv7e-m/fpu\libm.a(lib_a-w_pow.o)
                0x08027d70                pow
 .text.sqrt     0x08028060       0xb4 c:/program files (x86)/atollic/truestudio for stm32 9.3.0/armtools/bin/../lib/gcc/arm-atollic-eabi/6.3.1/../../../../arm-atollic-eabi/lib/armv7e-m/fpu\libm.a(lib_a-w_sqrt.o)
                0x08028060                sqrt
 *fill*         0x08028114        0x4 
 .text.__ieee754_acos
                0x08028118      0x4b8 c:/program files (x86)/atollic/truestudio for stm32 9.3.0/armtools/bin/../lib/gcc/arm-atollic-eabi/6.3.1/../../../../arm-atollic-eabi/lib/armv7e-m/fpu\libm.a(lib_a-e_acos.o)
                0x08028118                __ieee754_acos
 .text.__ieee754_asin
                0x080285d0      0x418 c:/program files (x86)/atollic/truestudio for stm32 9.3.0/armtools/bin/../lib/gcc/arm-atollic-eabi/6.3.1/../../../../arm-atollic-eabi/lib/armv7e-m/fpu\libm.a(lib_a-e_asin.o)
                0x080285d0                __ieee754_asin
 .text.__ieee754_exp
                0x080289e8      0x2e4 c:/program files (x86)/atollic/truestudio for stm32 9.3.0/armtools/bin/../lib/gcc/arm-atollic-eabi/6.3.1/../../../../arm-atollic-eabi/lib/armv7e-m/fpu\libm.a(lib_a-e_exp.o)
                0x080289e8                __ieee754_exp
 *fill*         0x08028ccc        0x4 
 .text.__ieee754_log
                0x08028cd0      0x3b0 c:/program files (x86)/atollic/truestudio for stm32 9.3.0/armtools/bin/../lib/gcc/arm-atollic-eabi/6.3.1/../../../../arm-atollic-eabi/lib/armv7e-m/fpu\libm.a(lib_a-e_log.o)
                0x08028cd0                __ieee754_log
 .text.__ieee754_pow
                0x08029080      0xa24 c:/program files (x86)/atollic/truestudio for stm32 9.3.0/armtools/bin/../lib/gcc/arm-atollic-eabi/6.3.1/../../../../arm-atollic-eabi/lib/armv7e-m/fpu\libm.a(lib_a-e_pow.o)
                0x08029080                __ieee754_pow
 .text.__ieee754_sqrt
                0x08029aa4      0x160 c:/program files (x86)/atollic/truestudio for stm32 9.3.0/armtools/bin/../lib/gcc/arm-atollic-eabi/6.3.1/../../../../arm-atollic-eabi/lib/armv7e-m/fpu\libm.a(lib_a-e_sqrt.o)
                0x08029aa4                __ieee754_sqrt
 .text.fabs     0x08029c04        0xe c:/program files (x86)/atollic/truestudio for stm32 9.3.0/armtools/bin/../lib/gcc/arm-atollic-eabi/6.3.1/../../../../arm-atollic-eabi/lib/armv7e-m/fpu\libm.a(lib_a-s_fabs.o)
                0x08029c04                fabs
 .text.finite   0x08029c12       0x10 c:/program files (x86)/atollic/truestudio for stm32 9.3.0/armtools/bin/../lib/gcc/arm-atollic-eabi/6.3.1/../../../../arm-atollic-eabi/lib/armv7e-m/fpu\libm.a(lib_a-s_finite.o)
                0x08029c12                finite
 .text.matherr  0x08029c22        0x4 c:/program files (x86)/atollic/truestudio for stm32 9.3.0/armtools/bin/../lib/gcc/arm-atollic-eabi/6.3.1/../../../../arm-atollic-eabi/lib/armv7e-m/fpu\libm.a(lib_a-s_matherr.o)
                0x08029c22                matherr
 *fill*         0x08029c26        0x2 
 .text.nan      0x08029c28       0x10 c:/program files (x86)/atollic/truestudio for stm32 9.3.0/armtools/bin/../lib/gcc/arm-atollic-eabi/6.3.1/../../../../arm-atollic-eabi/lib/armv7e-m/fpu\libm.a(lib_a-s_nan.o)
                0x08029c28                nan
 .text.rint     0x08029c38      0x110 c:/program files (x86)/atollic/truestudio for stm32 9.3.0/armtools/bin/../lib/gcc/arm-atollic-eabi/6.3.1/../../../../arm-atollic-eabi/lib/armv7e-m/fpu\libm.a(lib_a-s_rint.o)
                0x08029c38                rint
 .text.scalbn   0x08029d48       0xf4 c:/program files (x86)/atollic/truestudio for stm32 9.3.0/armtools/bin/../lib/gcc/arm-atollic-eabi/6.3.1/../../../../arm-atollic-eabi/lib/armv7e-m/fpu\libm.a(lib_a-s_scalbn.o)
                0x08029d48                scalbn
 .text.copysign
                0x08029e3c       0x1a c:/program files (x86)/atollic/truestudio for stm32 9.3.0/armtools/bin/../lib/gcc/arm-atollic-eabi/6.3.1/../../../../arm-atollic-eabi/lib/armv7e-m/fpu\libm.a(lib_a-s_copysign.o)
                0x08029e3c                copysign
 *(.glue_7)
 .glue_7        0x08029e56        0x0 linker stubs
 *(.glue_7t)
 .glue_7t       0x08029e56        0x0 linker stubs
 *(.eh_frame)
 *fill*         0x08029e56        0x2 
 .eh_frame      0x08029e58        0x0 c:/program files (x86)/atollic/truestudio for stm32 9.3.0/armtools/bin/../lib/gcc/arm-atollic-eabi/6.3.1/armv7e-m/fpu/crtbegin.o
 *(.init)
 .init          0x08029e58        0x4 c:/program files (x86)/atollic/truestudio for stm32 9.3.0/armtools/bin/../lib/gcc/arm-atollic-eabi/6.3.1/armv7e-m/fpu/crti.o
                0x08029e58                _init
 .init          0x08029e5c        0x8 c:/program files (x86)/atollic/truestudio for stm32 9.3.0/armtools/bin/../lib/gcc/arm-atollic-eabi/6.3.1/armv7e-m/fpu/crtn.o
 *(.fini)
 .fini          0x08029e64        0x4 c:/program files (x86)/atollic/truestudio for stm32 9.3.0/armtools/bin/../lib/gcc/arm-atollic-eabi/6.3.1/armv7e-m/fpu/crti.o
                0x08029e64                _fini
 .fini          0x08029e68        0x8 c:/program files (x86)/atollic/truestudio for stm32 9.3.0/armtools/bin/../lib/gcc/arm-atollic-eabi/6.3.1/armv7e-m/fpu/crtn.o
                0x08029e70                . = ALIGN (0x4)
                0x08029e70                _etext = .

.vfp11_veneer   0x08029e70        0x0
 .vfp11_veneer  0x08029e70        0x0 linker stubs

.v4_bx          0x08029e70        0x0
 .v4_bx         0x08029e70        0x0 linker stubs

.iplt           0x08029e70        0x0
 .iplt          0x08029e70        0x0 c:/program files (x86)/atollic/truestudio for stm32 9.3.0/armtools/bin/../lib/gcc/arm-atollic-eabi/6.3.1/armv7e-m/fpu/crtbegin.o

.rodata         0x08029e70     0x22f8
                0x08029e70                . = ALIGN (0x4)
 *(.rodata)
 *(.rodata*)
 .rodata.flagBitshiftOffset.8919
                0x08029e70        0x8 Drivers\STM32F4xx_HAL_Driver\Src\stm32f4xx_hal_dma.o
 .rodata.log_output.str1.1
                0x08029e78        0x9 Src\Dataflash.o
 .rodata.main.str1.1
                0x08029e81       0x8f Src\main.o
 .rodata.param_receive.str1.1
                0x08029f10       0x8f Src\main.o
                                  0x2 (size before relaxing)
 .rodata.param_transmit.str1.1
                0x08029f10     0x168e Src\main.o
 .rodata.show_logdata.str1.1
                0x0802b59e     0x168e Src\main.o
                                  0x5 (size before relaxing)
 .rodata.AHBPrescTable
                0x0802b59e       0x10 Src\system_stm32f4xx.o
                0x0802b59e                AHBPrescTable
 .rodata.APBPrescTable
                0x0802b5ae        0x8 Src\system_stm32f4xx.o
                0x0802b5ae                APBPrescTable
 *fill*         0x0802b5b6        0x2 
 .rodata.sinTable_f32
                0x0802b5b8      0x804 C:\Users\‘¾“c’q–ç\Documents\monakanoko\libarm_cortexM4lf_math.a(arm_common_tables.o)
                0x0802b5b8                sinTable_f32
 .rodata._global_impure_ptr
                0x0802bdbc        0x4 c:/program files (x86)/atollic/truestudio for stm32 9.3.0/armtools/bin/../lib/gcc/arm-atollic-eabi/6.3.1/../../../../arm-atollic-eabi/lib/armv7e-m/fpu\libc_nano.a(lib_a-impure.o)
                0x0802bdbc                _global_impure_ptr
 .rodata._printf_float.str1.1
                0x0802bdc0       0x12 c:/program files (x86)/atollic/truestudio for stm32 9.3.0/armtools/bin/../lib/gcc/arm-atollic-eabi/6.3.1/../../../../arm-atollic-eabi/lib/armv7e-m/fpu\libc_nano.a(lib_a-nano-vfprintf_float.o)
 .rodata._printf_i.str1.1
                0x0802bdd2       0x22 c:/program files (x86)/atollic/truestudio for stm32 9.3.0/armtools/bin/../lib/gcc/arm-atollic-eabi/6.3.1/../../../../arm-atollic-eabi/lib/armv7e-m/fpu\libc_nano.a(lib_a-nano-vfprintf_i.o)
 .rodata._strtod_l.str1.1
                0x0802bdf4       0x22 c:/program files (x86)/atollic/truestudio for stm32 9.3.0/armtools/bin/../lib/gcc/arm-atollic-eabi/6.3.1/../../../../arm-atollic-eabi/lib/armv7e-m/fpu\libc_nano.a(lib_a-strtod.o)
                                  0xc (size before relaxing)
 .rodata.fpi.7257
                0x0802bdf4       0x14 c:/program files (x86)/atollic/truestudio for stm32 9.3.0/armtools/bin/../lib/gcc/arm-atollic-eabi/6.3.1/../../../../arm-atollic-eabi/lib/armv7e-m/fpu\libc_nano.a(lib_a-strtod.o)
 .rodata.fpinan.7293
                0x0802be08       0x14 c:/program files (x86)/atollic/truestudio for stm32 9.3.0/armtools/bin/../lib/gcc/arm-atollic-eabi/6.3.1/../../../../arm-atollic-eabi/lib/armv7e-m/fpu\libc_nano.a(lib_a-strtod.o)
 *fill*         0x0802be1c        0x4 
 .rodata.tinytens
                0x0802be20       0x28 c:/program files (x86)/atollic/truestudio for stm32 9.3.0/armtools/bin/../lib/gcc/arm-atollic-eabi/6.3.1/../../../../arm-atollic-eabi/lib/armv7e-m/fpu\libc_nano.a(lib_a-strtod.o)
 .rodata._dtoa_r.str1.1
                0x0802be48        0xd c:/program files (x86)/atollic/truestudio for stm32 9.3.0/armtools/bin/../lib/gcc/arm-atollic-eabi/6.3.1/../../../../arm-atollic-eabi/lib/armv7e-m/fpu\libc_nano.a(lib_a-dtoa.o)
                                  0xf (size before relaxing)
 *fill*         0x0802be55        0x3 
 .rodata.__sf_fake_stderr
                0x0802be58       0x20 c:/program files (x86)/atollic/truestudio for stm32 9.3.0/armtools/bin/../lib/gcc/arm-atollic-eabi/6.3.1/../../../../arm-atollic-eabi/lib/armv7e-m/fpu\libc_nano.a(lib_a-findfp.o)
                0x0802be58                __sf_fake_stderr
 .rodata.__sf_fake_stdin
                0x0802be78       0x20 c:/program files (x86)/atollic/truestudio for stm32 9.3.0/armtools/bin/../lib/gcc/arm-atollic-eabi/6.3.1/../../../../arm-atollic-eabi/lib/armv7e-m/fpu\libc_nano.a(lib_a-findfp.o)
                0x0802be78                __sf_fake_stdin
 .rodata.__sf_fake_stdout
                0x0802be98       0x20 c:/program files (x86)/atollic/truestudio for stm32 9.3.0/armtools/bin/../lib/gcc/arm-atollic-eabi/6.3.1/../../../../arm-atollic-eabi/lib/armv7e-m/fpu\libc_nano.a(lib_a-findfp.o)
                0x0802be98                __sf_fake_stdout
 .rodata._setlocale_r.str1.1
                0x0802beb8        0x8 c:/program files (x86)/atollic/truestudio for stm32 9.3.0/armtools/bin/../lib/gcc/arm-atollic-eabi/6.3.1/../../../../arm-atollic-eabi/lib/armv7e-m/fpu\libc_nano.a(lib_a-locale.o)
                                  0x9 (size before relaxing)
 .rodata.str1.1
                0x0802bec0        0x2 c:/program files (x86)/atollic/truestudio for stm32 9.3.0/armtools/bin/../lib/gcc/arm-atollic-eabi/6.3.1/../../../../arm-atollic-eabi/lib/armv7e-m/fpu\libc_nano.a(lib_a-locale.o)
 *fill*         0x0802bec2        0x6 
 .rodata.__mprec_bigtens
                0x0802bec8       0x28 c:/program files (x86)/atollic/truestudio for stm32 9.3.0/armtools/bin/../lib/gcc/arm-atollic-eabi/6.3.1/../../../../arm-atollic-eabi/lib/armv7e-m/fpu\libc_nano.a(lib_a-mprec.o)
                0x0802bec8                __mprec_bigtens
 .rodata.__mprec_tens
                0x0802bef0       0xc8 c:/program files (x86)/atollic/truestudio for stm32 9.3.0/armtools/bin/../lib/gcc/arm-atollic-eabi/6.3.1/../../../../arm-atollic-eabi/lib/armv7e-m/fpu\libc_nano.a(lib_a-mprec.o)
                0x0802bef0                __mprec_tens
 .rodata.p05.7175
                0x0802bfb8        0xc c:/program files (x86)/atollic/truestudio for stm32 9.3.0/armtools/bin/../lib/gcc/arm-atollic-eabi/6.3.1/../../../../arm-atollic-eabi/lib/armv7e-m/fpu\libc_nano.a(lib_a-mprec.o)
 .rodata._vfprintf_r.str1.1
                0x0802bfc4       0x11 c:/program files (x86)/atollic/truestudio for stm32 9.3.0/armtools/bin/../lib/gcc/arm-atollic-eabi/6.3.1/../../../../arm-atollic-eabi/lib/armv7e-m/fpu\libc_nano.a(lib_a-nano-vfprintf.o)
 .rodata._ctype_
                0x0802bfd5      0x101 c:/program files (x86)/atollic/truestudio for stm32 9.3.0/armtools/bin/../lib/gcc/arm-atollic-eabi/6.3.1/../../../../arm-atollic-eabi/lib/armv7e-m/fpu\libc_nano.a(lib_a-ctype_.o)
                0x0802bfd5                _ctype_
 .rodata.acos.str1.1
                0x0802c0d6        0x5 c:/program files (x86)/atollic/truestudio for stm32 9.3.0/armtools/bin/../lib/gcc/arm-atollic-eabi/6.3.1/../../../../arm-atollic-eabi/lib/armv7e-m/fpu\libm.a(lib_a-w_acos.o)
                                  0x6 (size before relaxing)
 .rodata.asin.str1.1
                0x0802c0db        0x5 c:/program files (x86)/atollic/truestudio for stm32 9.3.0/armtools/bin/../lib/gcc/arm-atollic-eabi/6.3.1/../../../../arm-atollic-eabi/lib/armv7e-m/fpu\libm.a(lib_a-w_asin.o)
                                  0x6 (size before relaxing)
 .rodata.exp.str1.1
                0x0802c0e0        0x4 c:/program files (x86)/atollic/truestudio for stm32 9.3.0/armtools/bin/../lib/gcc/arm-atollic-eabi/6.3.1/../../../../arm-atollic-eabi/lib/armv7e-m/fpu\libm.a(lib_a-w_exp.o)
 .rodata.log.str1.1
                0x0802c0e4        0x4 c:/program files (x86)/atollic/truestudio for stm32 9.3.0/armtools/bin/../lib/gcc/arm-atollic-eabi/6.3.1/../../../../arm-atollic-eabi/lib/armv7e-m/fpu\libm.a(lib_a-w_log.o)
                                  0x5 (size before relaxing)
 .rodata.pow.str1.1
                0x0802c0e8        0x4 c:/program files (x86)/atollic/truestudio for stm32 9.3.0/armtools/bin/../lib/gcc/arm-atollic-eabi/6.3.1/../../../../arm-atollic-eabi/lib/armv7e-m/fpu\libm.a(lib_a-w_pow.o)
 .rodata.sqrt.str1.1
                0x0802c0ec        0x5 c:/program files (x86)/atollic/truestudio for stm32 9.3.0/armtools/bin/../lib/gcc/arm-atollic-eabi/6.3.1/../../../../arm-atollic-eabi/lib/armv7e-m/fpu\libm.a(lib_a-w_sqrt.o)
 *fill*         0x0802c0f1        0x7 
 .rodata.halF   0x0802c0f8       0x10 c:/program files (x86)/atollic/truestudio for stm32 9.3.0/armtools/bin/../lib/gcc/arm-atollic-eabi/6.3.1/../../../../arm-atollic-eabi/lib/armv7e-m/fpu\libm.a(lib_a-e_exp.o)
 .rodata.ln2HI  0x0802c108       0x10 c:/program files (x86)/atollic/truestudio for stm32 9.3.0/armtools/bin/../lib/gcc/arm-atollic-eabi/6.3.1/../../../../arm-atollic-eabi/lib/armv7e-m/fpu\libm.a(lib_a-e_exp.o)
 .rodata.ln2LO  0x0802c118       0x10 c:/program files (x86)/atollic/truestudio for stm32 9.3.0/armtools/bin/../lib/gcc/arm-atollic-eabi/6.3.1/../../../../arm-atollic-eabi/lib/armv7e-m/fpu\libm.a(lib_a-e_exp.o)
 .rodata.__ieee754_pow.str1.1
                0x0802c128        0x1 c:/program files (x86)/atollic/truestudio for stm32 9.3.0/armtools/bin/../lib/gcc/arm-atollic-eabi/6.3.1/../../../../arm-atollic-eabi/lib/armv7e-m/fpu\libm.a(lib_a-e_pow.o)
 .rodata.bp     0x0802c128       0x10 c:/program files (x86)/atollic/truestudio for stm32 9.3.0/armtools/bin/../lib/gcc/arm-atollic-eabi/6.3.1/../../../../arm-atollic-eabi/lib/armv7e-m/fpu\libm.a(lib_a-e_pow.o)
 .rodata.dp_h   0x0802c138       0x10 c:/program files (x86)/atollic/truestudio for stm32 9.3.0/armtools/bin/../lib/gcc/arm-atollic-eabi/6.3.1/../../../../arm-atollic-eabi/lib/armv7e-m/fpu\libm.a(lib_a-e_pow.o)
 .rodata.dp_l   0x0802c148       0x10 c:/program files (x86)/atollic/truestudio for stm32 9.3.0/armtools/bin/../lib/gcc/arm-atollic-eabi/6.3.1/../../../../arm-atollic-eabi/lib/armv7e-m/fpu\libm.a(lib_a-e_pow.o)
 .rodata.TWO52  0x0802c158       0x10 c:/program files (x86)/atollic/truestudio for stm32 9.3.0/armtools/bin/../lib/gcc/arm-atollic-eabi/6.3.1/../../../../arm-atollic-eabi/lib/armv7e-m/fpu\libm.a(lib_a-s_rint.o)
                0x0802c168                . = ALIGN (0x4)

.ARM.extab
 *(.ARM.extab* .gnu.linkonce.armextab.*)

.ARM            0x0802c168        0x8
                0x0802c168                __exidx_start = .
 *(.ARM.exidx*)
 .ARM.exidx     0x0802c168        0x8 c:/program files (x86)/atollic/truestudio for stm32 9.3.0/armtools/bin/../lib/gcc/arm-atollic-eabi/6.3.1/armv7e-m/fpu\libgcc.a(_udivmoddi4.o)
                0x0802c170                __exidx_end = .

.rel.dyn        0x0802c170        0x0
 .rel.iplt      0x0802c170        0x0 c:/program files (x86)/atollic/truestudio for stm32 9.3.0/armtools/bin/../lib/gcc/arm-atollic-eabi/6.3.1/armv7e-m/fpu/crtbegin.o

.preinit_array  0x0802c170        0x0
                0x0802c170                PROVIDE (__preinit_array_start, .)
 *(.preinit_array*)
                0x0802c170                PROVIDE (__preinit_array_end, .)

.init_array     0x0802c170        0x4
                0x0802c170                PROVIDE (__init_array_start, .)
 *(SORT(.init_array.*))
 *(.init_array*)
 .init_array    0x0802c170        0x4 c:/program files (x86)/atollic/truestudio for stm32 9.3.0/armtools/bin/../lib/gcc/arm-atollic-eabi/6.3.1/armv7e-m/fpu/crtbegin.o
                0x0802c174                PROVIDE (__init_array_end, .)

.fini_array     0x0802c174        0x4
                [!provide]                PROVIDE (__fini_array_start, .)
 *(SORT(.fini_array.*))
 *(.fini_array*)
 .fini_array    0x0802c174        0x4 c:/program files (x86)/atollic/truestudio for stm32 9.3.0/armtools/bin/../lib/gcc/arm-atollic-eabi/6.3.1/armv7e-m/fpu/crtbegin.o
                [!provide]                PROVIDE (__fini_array_end, .)
                0x0802c178                _sidata = LOADADDR (.data)

.data           0x20000000      0x1e8 load address 0x0802c178
                0x20000000                . = ALIGN (0x4)
                0x20000000                _sdata = .
 *(.data)
 *(.data*)
 .data.uwTickFreq
                0x20000000        0x1 Drivers\STM32F4xx_HAL_Driver\Src\stm32f4xx_hal.o
                0x20000000                uwTickFreq
 *fill*         0x20000001        0x3 
 .data.uwTickPrio
                0x20000004        0x4 Drivers\STM32F4xx_HAL_Driver\Src\stm32f4xx_hal.o
                0x20000004                uwTickPrio
 .data.BatCheckSW
                0x20000008        0x1 Src\CMT.o
                0x20000008                BatCheckSW
 *fill*         0x20000009        0x3 
 .data.run_mode
                0x2000000c        0x4 Src\main.o
                0x2000000c                run_mode
 .data.SystemCoreClock
                0x20000010        0x4 Src\system_stm32f4xx.o
                0x20000010                SystemCoreClock
 .data._impure_ptr
                0x20000014        0x4 c:/program files (x86)/atollic/truestudio for stm32 9.3.0/armtools/bin/../lib/gcc/arm-atollic-eabi/6.3.1/../../../../arm-atollic-eabi/lib/armv7e-m/fpu\libc_nano.a(lib_a-impure.o)
                0x20000014                _impure_ptr
 .data.impure_data
                0x20000018       0x60 c:/program files (x86)/atollic/truestudio for stm32 9.3.0/armtools/bin/../lib/gcc/arm-atollic-eabi/6.3.1/../../../../arm-atollic-eabi/lib/armv7e-m/fpu\libc_nano.a(lib_a-impure.o)
 .data.__global_locale
                0x20000078      0x16c c:/program files (x86)/atollic/truestudio for stm32 9.3.0/armtools/bin/../lib/gcc/arm-atollic-eabi/6.3.1/../../../../arm-atollic-eabi/lib/armv7e-m/fpu\libc_nano.a(lib_a-locale.o)
                0x20000078                __global_locale
 .data.__fdlib_version
                0x200001e4        0x1 c:/program files (x86)/atollic/truestudio for stm32 9.3.0/armtools/bin/../lib/gcc/arm-atollic-eabi/6.3.1/../../../../arm-atollic-eabi/lib/armv7e-m/fpu\libm.a(lib_a-s_lib_ver.o)
                0x200001e4                __fdlib_version
                0x200001e8                . = ALIGN (0x4)
 *fill*         0x200001e5        0x3 
                0x200001e8                _edata = .

.igot.plt       0x200001e8        0x0 load address 0x0802c360
 .igot.plt      0x200001e8        0x0 c:/program files (x86)/atollic/truestudio for stm32 9.3.0/armtools/bin/../lib/gcc/arm-atollic-eabi/6.3.1/armv7e-m/fpu/crtbegin.o
                0x200001e8                . = ALIGN (0x4)

.bss            0x200001e8    0x10b30 load address 0x0802c360
                0x200001e8                _sbss = .
                0x200001e8                __bss_start__ = _sbss
 *(.bss)
 .bss           0x200001e8       0x1c c:/program files (x86)/atollic/truestudio for stm32 9.3.0/armtools/bin/../lib/gcc/arm-atollic-eabi/6.3.1/armv7e-m/fpu/crtbegin.o
 *(.bss*)
 .bss.Dis_to_Able
                0x20000204        0x4 Src\CMT.o
                0x20000204                Dis_to_Able
 .bss.Dis_to_Able2
                0x20000208        0x4 Src\CMT.o
                0x20000208                Dis_to_Able2
 .bss.FB_Enbl   0x2000020c        0x4 Src\CMT.o
                0x2000020c                FB_Enbl
 .bss.FF_Enbl   0x20000210        0x4 Src\CMT.o
                0x20000210                FF_Enbl
 .bss.FF_prev_L
                0x20000214        0x4 Src\CMT.o
                0x20000214                FF_prev_L
 .bss.FF_prev_R
                0x20000218        0x4 Src\CMT.o
                0x20000218                FF_prev_R
 .bss.FL_Dis_Ave
                0x2000021c        0x4 Src\CMT.o
                0x2000021c                FL_Dis_Ave
 .bss.FL_Dis_Current
                0x20000220       0x14 Src\CMT.o
                0x20000220                FL_Dis_Current
 .bss.FR_Dis_Ave
                0x20000234        0x4 Src\CMT.o
                0x20000234                FR_Dis_Ave
 .bss.FR_Dis_Current
                0x20000238       0x14 Src\CMT.o
                0x20000238                FR_Dis_Current
 .bss.I_fwall   0x2000024c        0x4 Src\CMT.o
                0x2000024c                I_fwall
 .bss.I_len     0x20000250        0x4 Src\CMT.o
                0x20000250                I_len
 .bss.L_Ctrl_Disable
                0x20000254        0x1 Src\CMT.o
                0x20000254                L_Ctrl_Disable
 *fill*         0x20000255        0x3 
 .bss.L_Diff_Smoothed
                0x20000258        0x4 Src\CMT.o
                0x20000258                L_Diff_Smoothed
 .bss.L_Dis_Ave
                0x2000025c        0x4 Src\CMT.o
                0x2000025c                L_Dis_Ave
 .bss.L_Dis_Ave_B
                0x20000260        0x4 Src\CMT.o
                0x20000260                L_Dis_Ave_B
 .bss.L_Dis_Current
                0x20000264       0x14 Src\CMT.o
                0x20000264                L_Dis_Current
 .bss.L_Dis_Current_A
                0x20000278       0x14 Src\CMT.o
                0x20000278                L_Dis_Current_A
 .bss.L_Raw_Err
                0x2000028c        0x4 Src\CMT.o
                0x2000028c                L_Raw_Err
 .bss.R_Ctrl_Disable
                0x20000290        0x1 Src\CMT.o
                0x20000290                R_Ctrl_Disable
 *fill*         0x20000291        0x3 
 .bss.R_Diff_Smoothed
                0x20000294        0x4 Src\CMT.o
                0x20000294                R_Diff_Smoothed
 .bss.R_Dis_Ave
                0x20000298        0x4 Src\CMT.o
                0x20000298                R_Dis_Ave
 .bss.R_Dis_Ave_B
                0x2000029c        0x4 Src\CMT.o
                0x2000029c                R_Dis_Ave_B
 .bss.R_Dis_Current
                0x200002a0       0x14 Src\CMT.o
                0x200002a0                R_Dis_Current
 .bss.R_Dis_Current_A
                0x200002b4       0x14 Src\CMT.o
                0x200002b4                R_Dis_Current_A
 .bss.R_Raw_Err
                0x200002c8        0x4 Src\CMT.o
                0x200002c8                R_Raw_Err
 .bss.Sensor_L_Ctrl_Flag
                0x200002cc        0x4 Src\CMT.o
                0x200002cc                Sensor_L_Ctrl_Flag
 .bss.Sensor_L_Err
                0x200002d0        0x4 Src\CMT.o
                0x200002d0                Sensor_L_Err
 .bss.Sensor_R_Ctrl_Flag
                0x200002d4        0x4 Src\CMT.o
                0x200002d4                Sensor_R_Ctrl_Flag
 .bss.Sensor_R_Err
                0x200002d8        0x4 Src\CMT.o
                0x200002d8                Sensor_R_Err
 .bss.Sensor_Raw_Err
                0x200002dc        0x4 Src\CMT.o
                0x200002dc                Sensor_Raw_Err
 .bss.StopFlagL
                0x200002e0        0x1 Src\CMT.o
                0x200002e0                StopFlagL
 .bss.StopFlagR
                0x200002e1        0x1 Src\CMT.o
                0x200002e1                StopFlagR
 .bss.V_bat_current
                0x200002e2        0xa Src\CMT.o
                0x200002e2                V_bat_current
 .bss.V_bat_ref
                0x200002ec        0x2 Src\CMT.o
                0x200002ec                V_bat_ref
 *fill*         0x200002ee        0x2 
 .bss.WallCtrlD
                0x200002f0        0x4 Src\CMT.o
                0x200002f0                WallCtrlD
 .bss.WallCtrlEnbl
                0x200002f4        0x4 Src\CMT.o
                0x200002f4                WallCtrlEnbl
 .bss.WallCtrlErr
                0x200002f8        0x4 Src\CMT.o
                0x200002f8                WallCtrlErr
 .bss.WallCtrlErrP
                0x200002fc        0x4 Src\CMT.o
                0x200002fc                WallCtrlErrP
 .bss.WallCtrlI
                0x20000300        0x4 Src\CMT.o
                0x20000300                WallCtrlI