stm32f4xx_it.c:92:6:NMI_Handler	0	static
stm32f4xx_it.c:105:6:HardFault_Handler	0	static
stm32f4xx_it.c:120:6:MemManage_Handler	0	static
stm32f4xx_it.c:135:6:BusFault_Handler	0	static
stm32f4xx_it.c:150:6:UsageFault_Handler	0	static
stm32f4xx_it.c:165:6:SVC_Handler	0	static
stm32f4xx_it.c:178:6:DebugMon_Handler	0	static
stm32f4xx_it.c:191:6:PendSV_Handler	0	static
stm32f4xx_it.c:204:6:SysTick_Handler	0	static
stm32f4xx_it.c:225:6:TIM1_BRK_TIM9_IRQHandler	8	static
stm32f4xx_it.c:239:6:TIM3_IRQHandler	8	static
stm32f4xx_it.c:253:6:USART1_IRQHandler	0	static
stm32f4xx_it.c:267:6:TIM5_IRQHandler	8	static
stm32f4xx_it.c:281:6:DMA2_Stream4_IRQHandler	0	static
